12:28:07 **** Clean-only build of configuration Debug for project ECED4402_2022 ****
make -j8 clean 
rm -rf ./Middlewares/Third_Party/FreeRTOS/Source/portable/MemMang/heap_1.cyclo ./Middlewares/Third_Party/FreeRTOS/Source/portable/MemMang/heap_1.d ./Middlewares/Third_Party/FreeRTOS/Source/portable/MemMang/heap_1.o ./Middlewares/Third_Party/FreeRTOS/Source/portable/MemMang/heap_1.su
rm -rf ./Middlewares/Third_Party/FreeRTOS/Source/portable/GCC/ARM_CM4F/port.cyclo ./Middlewares/Third_Party/FreeRTOS/Source/portable/GCC/ARM_CM4F/port.d ./Middlewares/Third_Party/FreeRTOS/Source/portable/GCC/ARM_CM4F/port.o ./Middlewares/Third_Party/FreeRTOS/Source/portable/GCC/ARM_CM4F/port.su
rm -rf ./Middlewares/Third_Party/FreeRTOS/Source/CMSIS_RTOS_V2/cmsis_os2.cyclo ./Middlewares/Third_Party/FreeRTOS/Source/CMSIS_RTOS_V2/cmsis_os2.d ./Middlewares/Third_Party/FreeRTOS/Source/CMSIS_RTOS_V2/cmsis_os2.o ./Middlewares/Third_Party/FreeRTOS/Source/CMSIS_RTOS_V2/cmsis_os2.su
rm -rf ./Middlewares/Third_Party/FreeRTOS/Source/croutine.cyclo ./Middlewares/Third_Party/FreeRTOS/Source/croutine.d ./Middlewares/Third_Party/FreeRTOS/Source/croutine.o ./Middlewares/Third_Party/FreeRTOS/Source/croutine.su ./Middlewares/Third_Party/FreeRTOS/Source/event_groups.cyclo ./Middlewares/Third_Party/FreeRTOS/Source/event_groups.d ./Middlewares/Third_Party/FreeRTOS/Source/event_groups.o ./Middlewares/Third_Party/FreeRTOS/Source/event_groups.su ./Middlewares/Third_Party/FreeRTOS/Source/list.cyclo ./Middlewares/Third_Party/FreeRTOS/Source/list.d ./Middlewares/Third_Party/FreeRTOS/Source/list.o ./Middlewares/Third_Party/FreeRTOS/Source/list.su ./Middlewares/Third_Party/FreeRTOS/Source/queue.cyclo ./Middlewares/Third_Party/FreeRTOS/Source/queue.d ./Middlewares/Third_Party/FreeRTOS/Source/queue.o ./Middlewares/Third_Party/FreeRTOS/Source/queue.su ./Middlewares/Third_Party/FreeRTOS/Source/stream_buffer.cyclo ./Middlewares/Third_Party/FreeRTOS/Source/stream_buffer.d ./Middlewares/Third_Party/FreeRTOS/Source/stream_buffer.o ./Middlewares/Third_Party/FreeRTOS/Source/stream_buffer.su ./Middlewares/Third_Party/FreeRTOS/Source/tasks.cyclo ./Middlewares/Third_Party/FreeRTOS/Source/tasks.d ./Middlewares/Third_Party/FreeRTOS/Source/tasks.o ./Middlewares/Third_Party/FreeRTOS/Source/tasks.su ./Middlewares/Third_Party/FreeRTOS/Source/timers.cyclo ./Middlewares/Third_Party/FreeRTOS/Source/timers.d ./Middlewares/Third_Party/FreeRTOS/Source/timers.o ./Middlewares/Third_Party/FreeRTOS/Source/timers.su
rm -rf ./Drivers/STM32F4xx_HAL_Driver/Src/stm32f4xx_hal.cyclo ./Drivers/STM32F4xx_HAL_Driver/Src/stm32f4xx_hal.d ./Drivers/STM32F4xx_HAL_Driver/Src/stm32f4xx_hal.o ./Drivers/STM32F4xx_HAL_Driver/Src/stm32f4xx_hal.su ./Drivers/STM32F4xx_HAL_Driver/Src/stm32f4xx_hal_cortex.cyclo ./Drivers/STM32F4xx_HAL_Driver/Src/stm32f4xx_hal_cortex.d ./Drivers/STM32F4xx_HAL_Driver/Src/stm32f4xx_hal_cortex.o ./Drivers/STM32F4xx_HAL_Driver/Src/stm32f4xx_hal_cortex.su ./Drivers/STM32F4xx_HAL_Driver/Src/stm32f4xx_hal_dma.cyclo ./Drivers/STM32F4xx_HAL_Driver/Src/stm32f4xx_hal_dma.d ./Drivers/STM32F4xx_HAL_Driver/Src/stm32f4xx_hal_dma.o ./Drivers/STM32F4xx_HAL_Driver/Src/stm32f4xx_hal_dma.su ./Drivers/STM32F4xx_HAL_Driver/Src/stm32f4xx_hal_dma_ex.cyclo ./Drivers/STM32F4xx_HAL_Driver/Src/stm32f4xx_hal_dma_ex.d ./Drivers/STM32F4xx_HAL_Driver/Src/stm32f4xx_hal_dma_ex.o ./Drivers/STM32F4xx_HAL_Driver/Src/stm32f4xx_hal_dma_ex.su ./Drivers/STM32F4xx_HAL_Driver/Src/stm32f4xx_hal_exti.cyclo ./Drivers/STM32F4xx_HAL_Driver/Src/stm32f4xx_hal_exti.d ./Drivers/STM32F4xx_HAL_Driver/Src/stm32f4xx_hal_exti.o ./Drivers/STM32F4xx_HAL_Driver/Src/stm32f4xx_hal_exti.su ./Drivers/STM32F4xx_HAL_Driver/Src/stm32f4xx_hal_flash.cyclo ./Drivers/STM32F4xx_HAL_Driver/Src/stm32f4xx_hal_flash.d ./Drivers/STM32F4xx_HAL_Driver/Src/stm32f4xx_hal_flash.o ./Drivers/STM32F4xx_HAL_Driver/Src/stm32f4xx_hal_flash.su ./Drivers/STM32F4xx_HAL_Driver/Src/stm32f4xx_hal_flash_ex.cyclo ./Drivers/STM32F4xx_HAL_Driver/Src/stm32f4xx_hal_flash_ex.d ./Drivers/STM32F4xx_HAL_Driver/Src/stm32f4xx_hal_flash_ex.o ./Drivers/STM32F4xx_HAL_Driver/Src/stm32f4xx_hal_flash_ex.su ./Drivers/STM32F4xx_HAL_Driver/Src/stm32f4xx_hal_flash_ramfunc.cyclo ./Drivers/STM32F4xx_HAL_Driver/Src/stm32f4xx_hal_flash_ramfunc.d ./Drivers/STM32F4xx_HAL_Driver/Src/stm32f4xx_hal_flash_ramfunc.o ./Drivers/STM32F4xx_HAL_Driver/Src/stm32f4xx_hal_flash_ramfunc.su ./Drivers/STM32F4xx_HAL_Driver/Src/stm32f4xx_hal_gpio.cyclo ./Drivers/STM32F4xx_HAL_Driver/Src/stm32f4xx_hal_gpio.d ./Drivers/STM32F4xx_HAL_Driver/Src/stm32f4xx_hal_gpio.o ./Drivers/STM32F4xx_HAL_Driver/Src/stm32f4xx_hal_gpio.su ./Drivers/STM32F4xx_HAL_Driver/Src/stm32f4xx_hal_pwr.cyclo ./Drivers/STM32F4xx_HAL_Driver/Src/stm32f4xx_hal_pwr.d ./Drivers/STM32F4xx_HAL_Driver/Src/stm32f4xx_hal_pwr.o ./Drivers/STM32F4xx_HAL_Driver/Src/stm32f4xx_hal_pwr.su ./Drivers/STM32F4xx_HAL_Driver/Src/stm32f4xx_hal_pwr_ex.cyclo ./Drivers/STM32F4xx_HAL_Driver/Src/stm32f4xx_hal_pwr_ex.d ./Drivers/STM32F4xx_HAL_Driver/Src/stm32f4xx_hal_pwr_ex.o ./Drivers/STM32F4xx_HAL_Driver/Src/stm32f4xx_hal_pwr_ex.su ./Drivers/STM32F4xx_HAL_Driver/Src/stm32f4xx_hal_rcc.cyclo ./Drivers/STM32F4xx_HAL_Driver/Src/stm32f4xx_hal_rcc.d ./Drivers/STM32F4xx_HAL_Driver/Src/stm32f4xx_hal_rcc.o ./Drivers/STM32F4xx_HAL_Driver/Src/stm32f4xx_hal_rcc.su ./Drivers/STM32F4xx_HAL_Driver/Src/stm32f4xx_hal_rcc_ex.cyclo ./Drivers/STM32F4xx_HAL_Driver/Src/stm32f4xx_hal_rcc_ex.d ./Drivers/STM32F4xx_HAL_Driver/Src/stm32f4xx_hal_rcc_ex.o ./Drivers/STM32F4xx_HAL_Driver/Src/stm32f4xx_hal_rcc_ex.su ./Drivers/STM32F4xx_HAL_Driver/Src/stm32f4xx_hal_tim.cyclo ./Drivers/STM32F4xx_HAL_Driver/Src/stm32f4xx_hal_tim.d ./Drivers/STM32F4xx_HAL_Driver/Src/stm32f4xx_hal_tim.o ./Drivers/STM32F4xx_HAL_Driver/Src/stm32f4xx_hal_tim.su ./Drivers/STM32F4xx_HAL_Driver/Src/stm32f4xx_hal_tim_ex.cyclo ./Drivers/STM32F4xx_HAL_Driver/Src/stm32f4xx_hal_tim_ex.d ./Drivers/STM32F4xx_HAL_Driver/Src/stm32f4xx_hal_tim_ex.o ./Drivers/STM32F4xx_HAL_Driver/Src/stm32f4xx_hal_tim_ex.su ./Drivers/STM32F4xx_HAL_Driver/Src/stm32f4xx_hal_uart.cyclo ./Drivers/STM32F4xx_HAL_Driver/Src/stm32f4xx_hal_uart.d ./Drivers/STM32F4xx_HAL_Driver/Src/stm32f4xx_hal_uart.o ./Drivers/STM32F4xx_HAL_Driver/Src/stm32f4xx_hal_uart.su
rm -rf ./Core/Startup/startup_stm32f411retx.d ./Core/Startup/startup_stm32f411retx.o
rm -rf ./Core/Src/User/L4/SensorController.cyclo ./Core/Src/User/L4/SensorController.d ./Core/Src/User/L4/SensorController.o ./Core/Src/User/L4/SensorController.su ./Core/Src/User/L4/SensorPlatform.cyclo ./Core/Src/User/L4/SensorPlatform.d ./Core/Src/User/L4/SensorPlatform.o ./Core/Src/User/L4/SensorPlatform.su
rm -rf ./Core/Src/User/L3/AcousticSensor.cyclo ./Core/Src/User/L3/AcousticSensor.d ./Core/Src/User/L3/AcousticSensor.o ./Core/Src/User/L3/AcousticSensor.su ./Core/Src/User/L3/DepthSensor.cyclo ./Core/Src/User/L3/DepthSensor.d ./Core/Src/User/L3/DepthSensor.o ./Core/Src/User/L3/DepthSensor.su
rm -rf ./Core/Src/User/L2/Comm_Datalink.cyclo ./Core/Src/User/L2/Comm_Datalink.d ./Core/Src/User/L2/Comm_Datalink.o ./Core/Src/User/L2/Comm_Datalink.su
rm -rf ./Core/Src/User/L1/USART_Driver.cyclo ./Core/Src/User/L1/USART_Driver.d ./Core/Src/User/L1/USART_Driver.o ./Core/Src/User/L1/USART_Driver.su
rm -rf ./Core/Src/User/main_user.cyclo ./Core/Src/User/main_user.d ./Core/Src/User/main_user.o ./Core/Src/User/main_user.su ./Core/Src/User/util.cyclo ./Core/Src/User/util.d ./Core/Src/User/util.o ./Core/Src/User/util.su
rm -rf ./Core/Src/freertos.cyclo ./Core/Src/freertos.d ./Core/Src/freertos.o ./Core/Src/freertos.su ./Core/Src/main.cyclo ./Core/Src/main.d ./Core/Src/main.o ./Core/Src/main.su ./Core/Src/stm32f4xx_hal_msp.cyclo ./Core/Src/stm32f4xx_hal_msp.d ./Core/Src/stm32f4xx_hal_msp.o ./Core/Src/stm32f4xx_hal_msp.su ./Core/Src/stm32f4xx_hal_timebase_tim.cyclo ./Core/Src/stm32f4xx_hal_timebase_tim.d ./Core/Src/stm32f4xx_hal_timebase_tim.o ./Core/Src/stm32f4xx_hal_timebase_tim.su ./Core/Src/stm32f4xx_it.cyclo ./Core/Src/stm32f4xx_it.d ./Core/Src/stm32f4xx_it.o ./Core/Src/stm32f4xx_it.su ./Core/Src/syscalls.cyclo ./Core/Src/syscalls.d ./Core/Src/syscalls.o ./Core/Src/syscalls.su ./Core/Src/sysmem.cyclo ./Core/Src/sysmem.d ./Core/Src/sysmem.o ./Core/Src/sysmem.su ./Core/Src/system_stm32f4xx.cyclo ./Core/Src/system_stm32f4xx.d ./Core/Src/system_stm32f4xx.o ./Core/Src/system_stm32f4xx.su
rm -rf ECED4402_2022.elf ECED4402_2022.list ECED4402_2022.map default.size.stdout
 
12:28:09 **** Build of configuration Debug for project ECED4402_2022 ****
make -j8 all 
arm-none-eabi-gcc "../Middlewares/Third_Party/FreeRTOS/Source/portable/MemMang/heap_1.c" -mcpu=cortex-m4 -std=gnu11 -g3 -DDEBUG -DUSE_HAL_DRIVER -DSTM32F411xE -c -I../Core/Inc -I../Drivers/STM32F4xx_HAL_Driver/Inc -I../Drivers/STM32F4xx_HAL_Driver/Inc/Legacy -I../Drivers/CMSIS/Device/ST/STM32F4xx/Include -I../Drivers/CMSIS/Include -I../Middlewares/Third_Party/FreeRTOS/Source/include -I../Middlewares/Third_Party/FreeRTOS/Source/CMSIS_RTOS_V2 -I../Middlewares/Third_Party/FreeRTOS/Source/portable/GCC/ARM_CM4F -O0 -ffunction-sections -fdata-sections -Wall -fstack-usage -fcyclomatic-complexity -MMD -MP -MF"Middlewares/Third_Party/FreeRTOS/Source/portable/MemMang/heap_1.d" -MT"Middlewares/Third_Party/FreeRTOS/Source/portable/MemMang/heap_1.o" --specs=nano.specs -mfpu=fpv4-sp-d16 -mfloat-abi=hard -mthumb -o "Middlewares/Third_Party/FreeRTOS/Source/portable/MemMang/heap_1.o"
arm-none-eabi-gcc "../Middlewares/Third_Party/FreeRTOS/Source/portable/GCC/ARM_CM4F/port.c" -mcpu=cortex-m4 -std=gnu11 -g3 -DDEBUG -DUSE_HAL_DRIVER -DSTM32F411xE -c -I../Core/Inc -I../Drivers/STM32F4xx_HAL_Driver/Inc -I../Drivers/STM32F4xx_HAL_Driver/Inc/Legacy -I../Drivers/CMSIS/Device/ST/STM32F4xx/Include -I../Drivers/CMSIS/Include -I../Middlewares/Third_Party/FreeRTOS/Source/include -I../Middlewares/Third_Party/FreeRTOS/Source/CMSIS_RTOS_V2 -I../Middlewares/Third_Party/FreeRTOS/Source/portable/GCC/ARM_CM4F -O0 -ffunction-sections -fdata-sections -Wall -fstack-usage -fcyclomatic-complexity -MMD -MP -MF"Middlewares/Third_Party/FreeRTOS/Source/portable/GCC/ARM_CM4F/port.d" -MT"Middlewares/Third_Party/FreeRTOS/Source/portable/GCC/ARM_CM4F/port.o" --specs=nano.specs -mfpu=fpv4-sp-d16 -mfloat-abi=hard -mthumb -o "Middlewares/Third_Party/FreeRTOS/Source/portable/GCC/ARM_CM4F/port.o"
arm-none-eabi-gcc "../Middlewares/Third_Party/FreeRTOS/Source/CMSIS_RTOS_V2/cmsis_os2.c" -mcpu=cortex-m4 -std=gnu11 -g3 -DDEBUG -DUSE_HAL_DRIVER -DSTM32F411xE -c -I../Core/Inc -I../Drivers/STM32F4xx_HAL_Driver/Inc -I../Drivers/STM32F4xx_HAL_Driver/Inc/Legacy -I../Drivers/CMSIS/Device/ST/STM32F4xx/Include -I../Drivers/CMSIS/Include -I../Middlewares/Third_Party/FreeRTOS/Source/include -I../Middlewares/Third_Party/FreeRTOS/Source/CMSIS_RTOS_V2 -I../Middlewares/Third_Party/FreeRTOS/Source/portable/GCC/ARM_CM4F -O0 -ffunction-sections -fdata-sections -Wall -fstack-usage -fcyclomatic-complexity -MMD -MP -MF"Middlewares/Third_Party/FreeRTOS/Source/CMSIS_RTOS_V2/cmsis_os2.d" -MT"Middlewares/Third_Party/FreeRTOS/Source/CMSIS_RTOS_V2/cmsis_os2.o" --specs=nano.specs -mfpu=fpv4-sp-d16 -mfloat-abi=hard -mthumb -o "Middlewares/Third_Party/FreeRTOS/Source/CMSIS_RTOS_V2/cmsis_os2.o"
arm-none-eabi-gcc "../Middlewares/Third_Party/FreeRTOS/Source/croutine.c" -mcpu=cortex-m4 -std=gnu11 -g3 -DDEBUG -DUSE_HAL_DRIVER -DSTM32F411xE -c -I../Core/Inc -I../Drivers/STM32F4xx_HAL_Driver/Inc -I../Drivers/STM32F4xx_HAL_Driver/Inc/Legacy -I../Drivers/CMSIS/Device/ST/STM32F4xx/Include -I../Drivers/CMSIS/Include -I../Middlewares/Third_Party/FreeRTOS/Source/include -I../Middlewares/Third_Party/FreeRTOS/Source/CMSIS_RTOS_V2 -I../Middlewares/Third_Party/FreeRTOS/Source/portable/GCC/ARM_CM4F -O0 -ffunction-sections -fdata-sections -Wall -fstack-usage -fcyclomatic-complexity -MMD -MP -MF"Middlewares/Third_Party/FreeRTOS/Source/croutine.d" -MT"Middlewares/Third_Party/FreeRTOS/Source/croutine.o" --specs=nano.specs -mfpu=fpv4-sp-d16 -mfloat-abi=hard -mthumb -o "Middlewares/Third_Party/FreeRTOS/Source/croutine.o"
arm-none-eabi-gcc "../Middlewares/Third_Party/FreeRTOS/Source/event_groups.c" -mcpu=cortex-m4 -std=gnu11 -g3 -DDEBUG -DUSE_HAL_DRIVER -DSTM32F411xE -c -I../Core/Inc -I../Drivers/STM32F4xx_HAL_Driver/Inc -I../Drivers/STM32F4xx_HAL_Driver/Inc/Legacy -I../Drivers/CMSIS/Device/ST/STM32F4xx/Include -I../Drivers/CMSIS/Include -I../Middlewares/Third_Party/FreeRTOS/Source/include -I../Middlewares/Third_Party/FreeRTOS/Source/CMSIS_RTOS_V2 -I../Middlewares/Third_Party/FreeRTOS/Source/portable/GCC/ARM_CM4F -O0 -ffunction-sections -fdata-sections -Wall -fstack-usage -fcyclomatic-complexity -MMD -MP -MF"Middlewares/Third_Party/FreeRTOS/Source/event_groups.d" -MT"Middlewares/Third_Party/FreeRTOS/Source/event_groups.o" --specs=nano.specs -mfpu=fpv4-sp-d16 -mfloat-abi=hard -mthumb -o "Middlewares/Third_Party/FreeRTOS/Source/event_groups.o"
arm-none-eabi-gcc "../Middlewares/Third_Party/FreeRTOS/Source/list.c" -mcpu=cortex-m4 -std=gnu11 -g3 -DDEBUG -DUSE_HAL_DRIVER -DSTM32F411xE -c -I../Core/Inc -I../Drivers/STM32F4xx_HAL_Driver/Inc -I../Drivers/STM32F4xx_HAL_Driver/Inc/Legacy -I../Drivers/CMSIS/Device/ST/STM32F4xx/Include -I../Drivers/CMSIS/Include -I../Middlewares/Third_Party/FreeRTOS/Source/include -I../Middlewares/Third_Party/FreeRTOS/Source/CMSIS_RTOS_V2 -I../Middlewares/Third_Party/FreeRTOS/Source/portable/GCC/ARM_CM4F -O0 -ffunction-sections -fdata-sections -Wall -fstack-usage -fcyclomatic-complexity -MMD -MP -MF"Middlewares/Third_Party/FreeRTOS/Source/list.d" -MT"Middlewares/Third_Party/FreeRTOS/Source/list.o" --specs=nano.specs -mfpu=fpv4-sp-d16 -mfloat-abi=hard -mthumb -o "Middlewares/Third_Party/FreeRTOS/Source/list.o"
arm-none-eabi-gcc "../Middlewares/Third_Party/FreeRTOS/Source/queue.c" -mcpu=cortex-m4 -std=gnu11 -g3 -DDEBUG -DUSE_HAL_DRIVER -DSTM32F411xE -c -I../Core/Inc -I../Drivers/STM32F4xx_HAL_Driver/Inc -I../Drivers/STM32F4xx_HAL_Driver/Inc/Legacy -I../Drivers/CMSIS/Device/ST/STM32F4xx/Include -I../Drivers/CMSIS/Include -I../Middlewares/Third_Party/FreeRTOS/Source/include -I../Middlewares/Third_Party/FreeRTOS/Source/CMSIS_RTOS_V2 -I../Middlewares/Third_Party/FreeRTOS/Source/portable/GCC/ARM_CM4F -O0 -ffunction-sections -fdata-sections -Wall -fstack-usage -fcyclomatic-complexity -MMD -MP -MF"Middlewares/Third_Party/FreeRTOS/Source/queue.d" -MT"Middlewares/Third_Party/FreeRTOS/Source/queue.o" --specs=nano.specs -mfpu=fpv4-sp-d16 -mfloat-abi=hard -mthumb -o "Middlewares/Third_Party/FreeRTOS/Source/queue.o"
arm-none-eabi-gcc "../Middlewares/Third_Party/FreeRTOS/Source/stream_buffer.c" -mcpu=cortex-m4 -std=gnu11 -g3 -DDEBUG -DUSE_HAL_DRIVER -DSTM32F411xE -c -I../Core/Inc -I../Drivers/STM32F4xx_HAL_Driver/Inc -I../Drivers/STM32F4xx_HAL_Driver/Inc/Legacy -I../Drivers/CMSIS/Device/ST/STM32F4xx/Include -I../Drivers/CMSIS/Include -I../Middlewares/Third_Party/FreeRTOS/Source/include -I../Middlewares/Third_Party/FreeRTOS/Source/CMSIS_RTOS_V2 -I../Middlewares/Third_Party/FreeRTOS/Source/portable/GCC/ARM_CM4F -O0 -ffunction-sections -fdata-sections -Wall -fstack-usage -fcyclomatic-complexity -MMD -MP -MF"Middlewares/Third_Party/FreeRTOS/Source/stream_buffer.d" -MT"Middlewares/Third_Party/FreeRTOS/Source/stream_buffer.o" --specs=nano.specs -mfpu=fpv4-sp-d16 -mfloat-abi=hard -mthumb -o "Middlewares/Third_Party/FreeRTOS/Source/stream_buffer.o"
../Middlewares/Third_Party/FreeRTOS/Source/CMSIS_RTOS_V2/cmsis_os2.c: In function 'osThreadTerminate':
../Middlewares/Third_Party/FreeRTOS/Source/CMSIS_RTOS_V2/cmsis_os2.c:658:16: warning: unused variable 'hTask' [-Wunused-variable]
  658 |   TaskHandle_t hTask = (TaskHandle_t)thread_id;
      |                ^~~~~
../Middlewares/Third_Party/FreeRTOS/Source/CMSIS_RTOS_V2/cmsis_os2.c: In function 'osTimerDelete':
../Middlewares/Third_Party/FreeRTOS/Source/CMSIS_RTOS_V2/cmsis_os2.c:1079:17: warning: unused variable 'hTimer' [-Wunused-variable]
 1079 |   TimerHandle_t hTimer = (TimerHandle_t)timer_id;
      |                 ^~~~~~
../Middlewares/Third_Party/FreeRTOS/Source/CMSIS_RTOS_V2/cmsis_os2.c: In function 'osEventFlagsDelete':
../Middlewares/Third_Party/FreeRTOS/Source/CMSIS_RTOS_V2/cmsis_os2.c:1275:22: warning: unused variable 'hEventGroup' [-Wunused-variable]
 1275 |   EventGroupHandle_t hEventGroup = (EventGroupHandle_t)ef_id;
      |                      ^~~~~~~~~~~
../Middlewares/Third_Party/FreeRTOS/Source/CMSIS_RTOS_V2/cmsis_os2.c: In function 'osSemaphoreDelete':
../Middlewares/Third_Party/FreeRTOS/Source/CMSIS_RTOS_V2/cmsis_os2.c:1666:21: warning: unused variable 'hSemaphore' [-Wunused-variable]
 1666 |   SemaphoreHandle_t hSemaphore = (SemaphoreHandle_t)semaphore_id;
      |                     ^~~~~~~~~~
../Middlewares/Third_Party/FreeRTOS/Source/CMSIS_RTOS_V2/cmsis_os2.c: In function 'osMessageQueueDelete':
../Middlewares/Third_Party/FreeRTOS/Source/CMSIS_RTOS_V2/cmsis_os2.c:1919:17: warning: unused variable 'hQueue' [-Wunused-variable]
 1919 |   QueueHandle_t hQueue = (QueueHandle_t)mq_id;
      |                 ^~~~~~
arm-none-eabi-gcc "../Middlewares/Third_Party/FreeRTOS/Source/tasks.c" -mcpu=cortex-m4 -std=gnu11 -g3 -DDEBUG -DUSE_HAL_DRIVER -DSTM32F411xE -c -I../Core/Inc -I../Drivers/STM32F4xx_HAL_Driver/Inc -I../Drivers/STM32F4xx_HAL_Driver/Inc/Legacy -I../Drivers/CMSIS/Device/ST/STM32F4xx/Include -I../Drivers/CMSIS/Include -I../Middlewares/Third_Party/FreeRTOS/Source/include -I../Middlewares/Third_Party/FreeRTOS/Source/CMSIS_RTOS_V2 -I../Middlewares/Third_Party/FreeRTOS/Source/portable/GCC/ARM_CM4F -O0 -ffunction-sections -fdata-sections -Wall -fstack-usage -fcyclomatic-complexity -MMD -MP -MF"Middlewares/Third_Party/FreeRTOS/Source/tasks.d" -MT"Middlewares/Third_Party/FreeRTOS/Source/tasks.o" --specs=nano.specs -mfpu=fpv4-sp-d16 -mfloat-abi=hard -mthumb -o "Middlewares/Third_Party/FreeRTOS/Source/tasks.o"
arm-none-eabi-gcc "../Middlewares/Third_Party/FreeRTOS/Source/timers.c" -mcpu=cortex-m4 -std=gnu11 -g3 -DDEBUG -DUSE_HAL_DRIVER -DSTM32F411xE -c -I../Core/Inc -I../Drivers/STM32F4xx_HAL_Driver/Inc -I../Drivers/STM32F4xx_HAL_Driver/Inc/Legacy -I../Drivers/CMSIS/Device/ST/STM32F4xx/Include -I../Drivers/CMSIS/Include -I../Middlewares/Third_Party/FreeRTOS/Source/include -I../Middlewares/Third_Party/FreeRTOS/Source/CMSIS_RTOS_V2 -I../Middlewares/Third_Party/FreeRTOS/Source/portable/GCC/ARM_CM4F -O0 -ffunction-sections -fdata-sections -Wall -fstack-usage -fcyclomatic-complexity -MMD -MP -MF"Middlewares/Third_Party/FreeRTOS/Source/timers.d" -MT"Middlewares/Third_Party/FreeRTOS/Source/timers.o" --specs=nano.specs -mfpu=fpv4-sp-d16 -mfloat-abi=hard -mthumb -o "Middlewares/Third_Party/FreeRTOS/Source/timers.o"
arm-none-eabi-gcc "../Drivers/STM32F4xx_HAL_Driver/Src/stm32f4xx_hal.c" -mcpu=cortex-m4 -std=gnu11 -g3 -DDEBUG -DUSE_HAL_DRIVER -DSTM32F411xE -c -I../Core/Inc -I../Drivers/STM32F4xx_HAL_Driver/Inc -I../Drivers/STM32F4xx_HAL_Driver/Inc/Legacy -I../Drivers/CMSIS/Device/ST/STM32F4xx/Include -I../Drivers/CMSIS/Include -I../Middlewares/Third_Party/FreeRTOS/Source/include -I../Middlewares/Third_Party/FreeRTOS/Source/CMSIS_RTOS_V2 -I../Middlewares/Third_Party/FreeRTOS/Source/portable/GCC/ARM_CM4F -O0 -ffunction-sections -fdata-sections -Wall -fstack-usage -fcyclomatic-complexity -MMD -MP -MF"Drivers/STM32F4xx_HAL_Driver/Src/stm32f4xx_hal.d" -MT"Drivers/STM32F4xx_HAL_Driver/Src/stm32f4xx_hal.o" --specs=nano.specs -mfpu=fpv4-sp-d16 -mfloat-abi=hard -mthumb -o "Drivers/STM32F4xx_HAL_Driver/Src/stm32f4xx_hal.o"
arm-none-eabi-gcc "../Drivers/STM32F4xx_HAL_Driver/Src/stm32f4xx_hal_cortex.c" -mcpu=cortex-m4 -std=gnu11 -g3 -DDEBUG -DUSE_HAL_DRIVER -DSTM32F411xE -c -I../Core/Inc -I../Drivers/STM32F4xx_HAL_Driver/Inc -I../Drivers/STM32F4xx_HAL_Driver/Inc/Legacy -I../Drivers/CMSIS/Device/ST/STM32F4xx/Include -I../Drivers/CMSIS/Include -I../Middlewares/Third_Party/FreeRTOS/Source/include -I../Middlewares/Third_Party/FreeRTOS/Source/CMSIS_RTOS_V2 -I../Middlewares/Third_Party/FreeRTOS/Source/portable/GCC/ARM_CM4F -O0 -ffunction-sections -fdata-sections -Wall -fstack-usage -fcyclomatic-complexity -MMD -MP -MF"Drivers/STM32F4xx_HAL_Driver/Src/stm32f4xx_hal_cortex.d" -MT"Drivers/STM32F4xx_HAL_Driver/Src/stm32f4xx_hal_cortex.o" --specs=nano.specs -mfpu=fpv4-sp-d16 -mfloat-abi=hard -mthumb -o "Drivers/STM32F4xx_HAL_Driver/Src/stm32f4xx_hal_cortex.o"
arm-none-eabi-gcc "../Drivers/STM32F4xx_HAL_Driver/Src/stm32f4xx_hal_dma.c" -mcpu=cortex-m4 -std=gnu11 -g3 -DDEBUG -DUSE_HAL_DRIVER -DSTM32F411xE -c -I../Core/Inc -I../Drivers/STM32F4xx_HAL_Driver/Inc -I../Drivers/STM32F4xx_HAL_Driver/Inc/Legacy -I../Drivers/CMSIS/Device/ST/STM32F4xx/Include -I../Drivers/CMSIS/Include -I../Middlewares/Third_Party/FreeRTOS/Source/include -I../Middlewares/Third_Party/FreeRTOS/Source/CMSIS_RTOS_V2 -I../Middlewares/Third_Party/FreeRTOS/Source/portable/GCC/ARM_CM4F -O0 -ffunction-sections -fdata-sections -Wall -fstack-usage -fcyclomatic-complexity -MMD -MP -MF"Drivers/STM32F4xx_HAL_Driver/Src/stm32f4xx_hal_dma.d" -MT"Drivers/STM32F4xx_HAL_Driver/Src/stm32f4xx_hal_dma.o" --specs=nano.specs -mfpu=fpv4-sp-d16 -mfloat-abi=hard -mthumb -o "Drivers/STM32F4xx_HAL_Driver/Src/stm32f4xx_hal_dma.o"
arm-none-eabi-gcc "../Drivers/STM32F4xx_HAL_Driver/Src/stm32f4xx_hal_dma_ex.c" -mcpu=cortex-m4 -std=gnu11 -g3 -DDEBUG -DUSE_HAL_DRIVER -DSTM32F411xE -c -I../Core/Inc -I../Drivers/STM32F4xx_HAL_Driver/Inc -I../Drivers/STM32F4xx_HAL_Driver/Inc/Legacy -I../Drivers/CMSIS/Device/ST/STM32F4xx/Include -I../Drivers/CMSIS/Include -I../Middlewares/Third_Party/FreeRTOS/Source/include -I../Middlewares/Third_Party/FreeRTOS/Source/CMSIS_RTOS_V2 -I../Middlewares/Third_Party/FreeRTOS/Source/portable/GCC/ARM_CM4F -O0 -ffunction-sections -fdata-sections -Wall -fstack-usage -fcyclomatic-complexity -MMD -MP -MF"Drivers/STM32F4xx_HAL_Driver/Src/stm32f4xx_hal_dma_ex.d" -MT"Drivers/STM32F4xx_HAL_Driver/Src/stm32f4xx_hal_dma_ex.o" --specs=nano.specs -mfpu=fpv4-sp-d16 -mfloat-abi=hard -mthumb -o "Drivers/STM32F4xx_HAL_Driver/Src/stm32f4xx_hal_dma_ex.o"
arm-none-eabi-gcc "../Drivers/STM32F4xx_HAL_Driver/Src/stm32f4xx_hal_exti.c" -mcpu=cortex-m4 -std=gnu11 -g3 -DDEBUG -DUSE_HAL_DRIVER -DSTM32F411xE -c -I../Core/Inc -I../Drivers/STM32F4xx_HAL_Driver/Inc -I../Drivers/STM32F4xx_HAL_Driver/Inc/Legacy -I../Drivers/CMSIS/Device/ST/STM32F4xx/Include -I../Drivers/CMSIS/Include -I../Middlewares/Third_Party/FreeRTOS/Source/include -I../Middlewares/Third_Party/FreeRTOS/Source/CMSIS_RTOS_V2 -I../Middlewares/Third_Party/FreeRTOS/Source/portable/GCC/ARM_CM4F -O0 -ffunction-sections -fdata-sections -Wall -fstack-usage -fcyclomatic-complexity -MMD -MP -MF"Drivers/STM32F4xx_HAL_Driver/Src/stm32f4xx_hal_exti.d" -MT"Drivers/STM32F4xx_HAL_Driver/Src/stm32f4xx_hal_exti.o" --specs=nano.specs -mfpu=fpv4-sp-d16 -mfloat-abi=hard -mthumb -o "Drivers/STM32F4xx_HAL_Driver/Src/stm32f4xx_hal_exti.o"
arm-none-eabi-gcc "../Drivers/STM32F4xx_HAL_Driver/Src/stm32f4xx_hal_flash.c" -mcpu=cortex-m4 -std=gnu11 -g3 -DDEBUG -DUSE_HAL_DRIVER -DSTM32F411xE -c -I../Core/Inc -I../Drivers/STM32F4xx_HAL_Driver/Inc -I../Drivers/STM32F4xx_HAL_Driver/Inc/Legacy -I../Drivers/CMSIS/Device/ST/STM32F4xx/Include -I../Drivers/CMSIS/Include -I../Middlewares/Third_Party/FreeRTOS/Source/include -I../Middlewares/Third_Party/FreeRTOS/Source/CMSIS_RTOS_V2 -I../Middlewares/Third_Party/FreeRTOS/Source/portable/GCC/ARM_CM4F -O0 -ffunction-sections -fdata-sections -Wall -fstack-usage -fcyclomatic-complexity -MMD -MP -MF"Drivers/STM32F4xx_HAL_Driver/Src/stm32f4xx_hal_flash.d" -MT"Drivers/STM32F4xx_HAL_Driver/Src/stm32f4xx_hal_flash.o" --specs=nano.specs -mfpu=fpv4-sp-d16 -mfloat-abi=hard -mthumb -o "Drivers/STM32F4xx_HAL_Driver/Src/stm32f4xx_hal_flash.o"
arm-none-eabi-gcc "../Drivers/STM32F4xx_HAL_Driver/Src/stm32f4xx_hal_flash_ex.c" -mcpu=cortex-m4 -std=gnu11 -g3 -DDEBUG -DUSE_HAL_DRIVER -DSTM32F411xE -c -I../Core/Inc -I../Drivers/STM32F4xx_HAL_Driver/Inc -I../Drivers/STM32F4xx_HAL_Driver/Inc/Legacy -I../Drivers/CMSIS/Device/ST/STM32F4xx/Include -I../Drivers/CMSIS/Include -I../Middlewares/Third_Party/FreeRTOS/Source/include -I../Middlewares/Third_Party/FreeRTOS/Source/CMSIS_RTOS_V2 -I../Middlewares/Third_Party/FreeRTOS/Source/portable/GCC/ARM_CM4F -O0 -ffunction-sections -fdata-sections -Wall -fstack-usage -fcyclomatic-complexity -MMD -MP -MF"Drivers/STM32F4xx_HAL_Driver/Src/stm32f4xx_hal_flash_ex.d" -MT"Drivers/STM32F4xx_HAL_Driver/Src/stm32f4xx_hal_flash_ex.o" --specs=nano.specs -mfpu=fpv4-sp-d16 -mfloat-abi=hard -mthumb -o "Drivers/STM32F4xx_HAL_Driver/Src/stm32f4xx_hal_flash_ex.o"
arm-none-eabi-gcc "../Drivers/STM32F4xx_HAL_Driver/Src/stm32f4xx_hal_flash_ramfunc.c" -mcpu=cortex-m4 -std=gnu11 -g3 -DDEBUG -DUSE_HAL_DRIVER -DSTM32F411xE -c -I../Core/Inc -I../Drivers/STM32F4xx_HAL_Driver/Inc -I../Drivers/STM32F4xx_HAL_Driver/Inc/Legacy -I../Drivers/CMSIS/Device/ST/STM32F4xx/Include -I../Drivers/CMSIS/Include -I../Middlewares/Third_Party/FreeRTOS/Source/include -I../Middlewares/Third_Party/FreeRTOS/Source/CMSIS_RTOS_V2 -I../Middlewares/Third_Party/FreeRTOS/Source/portable/GCC/ARM_CM4F -O0 -ffunction-sections -fdata-sections -Wall -fstack-usage -fcyclomatic-complexity -MMD -MP -MF"Drivers/STM32F4xx_HAL_Driver/Src/stm32f4xx_hal_flash_ramfunc.d" -MT"Drivers/STM32F4xx_HAL_Driver/Src/stm32f4xx_hal_flash_ramfunc.o" --specs=nano.specs -mfpu=fpv4-sp-d16 -mfloat-abi=hard -mthumb -o "Drivers/STM32F4xx_HAL_Driver/Src/stm32f4xx_hal_flash_ramfunc.o"
arm-none-eabi-gcc "../Drivers/STM32F4xx_HAL_Driver/Src/stm32f4xx_hal_gpio.c" -mcpu=cortex-m4 -std=gnu11 -g3 -DDEBUG -DUSE_HAL_DRIVER -DSTM32F411xE -c -I../Core/Inc -I../Drivers/STM32F4xx_HAL_Driver/Inc -I../Drivers/STM32F4xx_HAL_Driver/Inc/Legacy -I../Drivers/CMSIS/Device/ST/STM32F4xx/Include -I../Drivers/CMSIS/Include -I../Middlewares/Third_Party/FreeRTOS/Source/include -I../Middlewares/Third_Party/FreeRTOS/Source/CMSIS_RTOS_V2 -I../Middlewares/Third_Party/FreeRTOS/Source/portable/GCC/ARM_CM4F -O0 -ffunction-sections -fdata-sections -Wall -fstack-usage -fcyclomatic-complexity -MMD -MP -MF"Drivers/STM32F4xx_HAL_Driver/Src/stm32f4xx_hal_gpio.d" -MT"Drivers/STM32F4xx_HAL_Driver/Src/stm32f4xx_hal_gpio.o" --specs=nano.specs -mfpu=fpv4-sp-d16 -mfloat-abi=hard -mthumb -o "Drivers/STM32F4xx_HAL_Driver/Src/stm32f4xx_hal_gpio.o"
arm-none-eabi-gcc "../Drivers/STM32F4xx_HAL_Driver/Src/stm32f4xx_hal_pwr.c" -mcpu=cortex-m4 -std=gnu11 -g3 -DDEBUG -DUSE_HAL_DRIVER -DSTM32F411xE -c -I../Core/Inc -I../Drivers/STM32F4xx_HAL_Driver/Inc -I../Drivers/STM32F4xx_HAL_Driver/Inc/Legacy -I../Drivers/CMSIS/Device/ST/STM32F4xx/Include -I../Drivers/CMSIS/Include -I../Middlewares/Third_Party/FreeRTOS/Source/include -I../Middlewares/Third_Party/FreeRTOS/Source/CMSIS_RTOS_V2 -I../Middlewares/Third_Party/FreeRTOS/Source/portable/GCC/ARM_CM4F -O0 -ffunction-sections -fdata-sections -Wall -fstack-usage -fcyclomatic-complexity -MMD -MP -MF"Drivers/STM32F4xx_HAL_Driver/Src/stm32f4xx_hal_pwr.d" -MT"Drivers/STM32F4xx_HAL_Driver/Src/stm32f4xx_hal_pwr.o" --specs=nano.specs -mfpu=fpv4-sp-d16 -mfloat-abi=hard -mthumb -o "Drivers/STM32F4xx_HAL_Driver/Src/stm32f4xx_hal_pwr.o"
arm-none-eabi-gcc "../Drivers/STM32F4xx_HAL_Driver/Src/stm32f4xx_hal_pwr_ex.c" -mcpu=cortex-m4 -std=gnu11 -g3 -DDEBUG -DUSE_HAL_DRIVER -DSTM32F411xE -c -I../Core/Inc -I../Drivers/STM32F4xx_HAL_Driver/Inc -I../Drivers/STM32F4xx_HAL_Driver/Inc/Legacy -I../Drivers/CMSIS/Device/ST/STM32F4xx/Include -I../Drivers/CMSIS/Include -I../Middlewares/Third_Party/FreeRTOS/Source/include -I../Middlewares/Third_Party/FreeRTOS/Source/CMSIS_RTOS_V2 -I../Middlewares/Third_Party/FreeRTOS/Source/portable/GCC/ARM_CM4F -O0 -ffunction-sections -fdata-sections -Wall -fstack-usage -fcyclomatic-complexity -MMD -MP -MF"Drivers/STM32F4xx_HAL_Driver/Src/stm32f4xx_hal_pwr_ex.d" -MT"Drivers/STM32F4xx_HAL_Driver/Src/stm32f4xx_hal_pwr_ex.o" --specs=nano.specs -mfpu=fpv4-sp-d16 -mfloat-abi=hard -mthumb -o "Drivers/STM32F4xx_HAL_Driver/Src/stm32f4xx_hal_pwr_ex.o"
arm-none-eabi-gcc "../Drivers/STM32F4xx_HAL_Driver/Src/stm32f4xx_hal_rcc.c" -mcpu=cortex-m4 -std=gnu11 -g3 -DDEBUG -DUSE_HAL_DRIVER -DSTM32F411xE -c -I../Core/Inc -I../Drivers/STM32F4xx_HAL_Driver/Inc -I../Drivers/STM32F4xx_HAL_Driver/Inc/Legacy -I../Drivers/CMSIS/Device/ST/STM32F4xx/Include -I../Drivers/CMSIS/Include -I../Middlewares/Third_Party/FreeRTOS/Source/include -I../Middlewares/Third_Party/FreeRTOS/Source/CMSIS_RTOS_V2 -I../Middlewares/Third_Party/FreeRTOS/Source/portable/GCC/ARM_CM4F -O0 -ffunction-sections -fdata-sections -Wall -fstack-usage -fcyclomatic-complexity -MMD -MP -MF"Drivers/STM32F4xx_HAL_Driver/Src/stm32f4xx_hal_rcc.d" -MT"Drivers/STM32F4xx_HAL_Driver/Src/stm32f4xx_hal_rcc.o" --specs=nano.specs -mfpu=fpv4-sp-d16 -mfloat-abi=hard -mthumb -o "Drivers/STM32F4xx_HAL_Driver/Src/stm32f4xx_hal_rcc.o"
arm-none-eabi-gcc "../Drivers/STM32F4xx_HAL_Driver/Src/stm32f4xx_hal_rcc_ex.c" -mcpu=cortex-m4 -std=gnu11 -g3 -DDEBUG -DUSE_HAL_DRIVER -DSTM32F411xE -c -I../Core/Inc -I../Drivers/STM32F4xx_HAL_Driver/Inc -I../Drivers/STM32F4xx_HAL_Driver/Inc/Legacy -I../Drivers/CMSIS/Device/ST/STM32F4xx/Include -I../Drivers/CMSIS/Include -I../Middlewares/Third_Party/FreeRTOS/Source/include -I../Middlewares/Third_Party/FreeRTOS/Source/CMSIS_RTOS_V2 -I../Middlewares/Third_Party/FreeRTOS/Source/portable/GCC/ARM_CM4F -O0 -ffunction-sections -fdata-sections -Wall -fstack-usage -fcyclomatic-complexity -MMD -MP -MF"Drivers/STM32F4xx_HAL_Driver/Src/stm32f4xx_hal_rcc_ex.d" -MT"Drivers/STM32F4xx_HAL_Driver/Src/stm32f4xx_hal_rcc_ex.o" --specs=nano.specs -mfpu=fpv4-sp-d16 -mfloat-abi=hard -mthumb -o "Drivers/STM32F4xx_HAL_Driver/Src/stm32f4xx_hal_rcc_ex.o"
arm-none-eabi-gcc "../Drivers/STM32F4xx_HAL_Driver/Src/stm32f4xx_hal_tim.c" -mcpu=cortex-m4 -std=gnu11 -g3 -DDEBUG -DUSE_HAL_DRIVER -DSTM32F411xE -c -I../Core/Inc -I../Drivers/STM32F4xx_HAL_Driver/Inc -I../Drivers/STM32F4xx_HAL_Driver/Inc/Legacy -I../Drivers/CMSIS/Device/ST/STM32F4xx/Include -I../Drivers/CMSIS/Include -I../Middlewares/Third_Party/FreeRTOS/Source/include -I../Middlewares/Third_Party/FreeRTOS/Source/CMSIS_RTOS_V2 -I../Middlewares/Third_Party/FreeRTOS/Source/portable/GCC/ARM_CM4F -O0 -ffunction-sections -fdata-sections -Wall -fstack-usage -fcyclomatic-complexity -MMD -MP -MF"Drivers/STM32F4xx_HAL_Driver/Src/stm32f4xx_hal_tim.d" -MT"Drivers/STM32F4xx_HAL_Driver/Src/stm32f4xx_hal_tim.o" --specs=nano.specs -mfpu=fpv4-sp-d16 -mfloat-abi=hard -mthumb -o "Drivers/STM32F4xx_HAL_Driver/Src/stm32f4xx_hal_tim.o"
arm-none-eabi-gcc "../Drivers/STM32F4xx_HAL_Driver/Src/stm32f4xx_hal_tim_ex.c" -mcpu=cortex-m4 -std=gnu11 -g3 -DDEBUG -DUSE_HAL_DRIVER -DSTM32F411xE -c -I../Core/Inc -I../Drivers/STM32F4xx_HAL_Driver/Inc -I../Drivers/STM32F4xx_HAL_Driver/Inc/Legacy -I../Drivers/CMSIS/Device/ST/STM32F4xx/Include -I../Drivers/CMSIS/Include -I../Middlewares/Third_Party/FreeRTOS/Source/include -I../Middlewares/Third_Party/FreeRTOS/Source/CMSIS_RTOS_V2 -I../Middlewares/Third_Party/FreeRTOS/Source/portable/GCC/ARM_CM4F -O0 -ffunction-sections -fdata-sections -Wall -fstack-usage -fcyclomatic-complexity -MMD -MP -MF"Drivers/STM32F4xx_HAL_Driver/Src/stm32f4xx_hal_tim_ex.d" -MT"Drivers/STM32F4xx_HAL_Driver/Src/stm32f4xx_hal_tim_ex.o" --specs=nano.specs -mfpu=fpv4-sp-d16 -mfloat-abi=hard -mthumb -o "Drivers/STM32F4xx_HAL_Driver/Src/stm32f4xx_hal_tim_ex.o"
arm-none-eabi-gcc "../Drivers/STM32F4xx_HAL_Driver/Src/stm32f4xx_hal_uart.c" -mcpu=cortex-m4 -std=gnu11 -g3 -DDEBUG -DUSE_HAL_DRIVER -DSTM32F411xE -c -I../Core/Inc -I../Drivers/STM32F4xx_HAL_Driver/Inc -I../Drivers/STM32F4xx_HAL_Driver/Inc/Legacy -I../Drivers/CMSIS/Device/ST/STM32F4xx/Include -I../Drivers/CMSIS/Include -I../Middlewares/Third_Party/FreeRTOS/Source/include -I../Middlewares/Third_Party/FreeRTOS/Source/CMSIS_RTOS_V2 -I../Middlewares/Third_Party/FreeRTOS/Source/portable/GCC/ARM_CM4F -O0 -ffunction-sections -fdata-sections -Wall -fstack-usage -fcyclomatic-complexity -MMD -MP -MF"Drivers/STM32F4xx_HAL_Driver/Src/stm32f4xx_hal_uart.d" -MT"Drivers/STM32F4xx_HAL_Driver/Src/stm32f4xx_hal_uart.o" --specs=nano.specs -mfpu=fpv4-sp-d16 -mfloat-abi=hard -mthumb -o "Drivers/STM32F4xx_HAL_Driver/Src/stm32f4xx_hal_uart.o"
arm-none-eabi-gcc -mcpu=cortex-m4 -g3 -DDEBUG -c -x assembler-with-cpp -MMD -MP -MF"Core/Startup/startup_stm32f411retx.d" -MT"Core/Startup/startup_stm32f411retx.o" --specs=nano.specs -mfpu=fpv4-sp-d16 -mfloat-abi=hard -mthumb -o "Core/Startup/startup_stm32f411retx.o" "../Core/Startup/startup_stm32f411retx.s"
arm-none-eabi-gcc "../Core/Src/User/L4/SensorController.c" -mcpu=cortex-m4 -std=gnu11 -g3 -DDEBUG -DUSE_HAL_DRIVER -DSTM32F411xE -c -I../Core/Inc -I../Drivers/STM32F4xx_HAL_Driver/Inc -I../Drivers/STM32F4xx_HAL_Driver/Inc/Legacy -I../Drivers/CMSIS/Device/ST/STM32F4xx/Include -I../Drivers/CMSIS/Include -I../Middlewares/Third_Party/FreeRTOS/Source/include -I../Middlewares/Third_Party/FreeRTOS/Source/CMSIS_RTOS_V2 -I../Middlewares/Third_Party/FreeRTOS/Source/portable/GCC/ARM_CM4F -O0 -ffunction-sections -fdata-sections -Wall -fstack-usage -fcyclomatic-complexity -MMD -MP -MF"Core/Src/User/L4/SensorController.d" -MT"Core/Src/User/L4/SensorController.o" --specs=nano.specs -mfpu=fpv4-sp-d16 -mfloat-abi=hard -mthumb -o "Core/Src/User/L4/SensorController.o"
arm-none-eabi-gcc "../Core/Src/User/L4/SensorPlatform.c" -mcpu=cortex-m4 -std=gnu11 -g3 -DDEBUG -DUSE_HAL_DRIVER -DSTM32F411xE -c -I../Core/Inc -I../Drivers/STM32F4xx_HAL_Driver/Inc -I../Drivers/STM32F4xx_HAL_Driver/Inc/Legacy -I../Drivers/CMSIS/Device/ST/STM32F4xx/Include -I../Drivers/CMSIS/Include -I../Middlewares/Third_Party/FreeRTOS/Source/include -I../Middlewares/Third_Party/FreeRTOS/Source/CMSIS_RTOS_V2 -I../Middlewares/Third_Party/FreeRTOS/Source/portable/GCC/ARM_CM4F -O0 -ffunction-sections -fdata-sections -Wall -fstack-usage -fcyclomatic-complexity -MMD -MP -MF"Core/Src/User/L4/SensorPlatform.d" -MT"Core/Src/User/L4/SensorPlatform.o" --specs=nano.specs -mfpu=fpv4-sp-d16 -mfloat-abi=hard -mthumb -o "Core/Src/User/L4/SensorPlatform.o"
arm-none-eabi-gcc "../Core/Src/User/L3/AcousticSensor.c" -mcpu=cortex-m4 -std=gnu11 -g3 -DDEBUG -DUSE_HAL_DRIVER -DSTM32F411xE -c -I../Core/Inc -I../Drivers/STM32F4xx_HAL_Driver/Inc -I../Drivers/STM32F4xx_HAL_Driver/Inc/Legacy -I../Drivers/CMSIS/Device/ST/STM32F4xx/Include -I../Drivers/CMSIS/Include -I../Middlewares/Third_Party/FreeRTOS/Source/include -I../Middlewares/Third_Party/FreeRTOS/Source/CMSIS_RTOS_V2 -I../Middlewares/Third_Party/FreeRTOS/Source/portable/GCC/ARM_CM4F -O0 -ffunction-sections -fdata-sections -Wall -fstack-usage -fcyclomatic-complexity -MMD -MP -MF"Core/Src/User/L3/AcousticSensor.d" -MT"Core/Src/User/L3/AcousticSensor.o" --specs=nano.specs -mfpu=fpv4-sp-d16 -mfloat-abi=hard -mthumb -o "Core/Src/User/L3/AcousticSensor.o"
arm-none-eabi-gcc "../Core/Src/User/L3/DepthSensor.c" -mcpu=cortex-m4 -std=gnu11 -g3 -DDEBUG -DUSE_HAL_DRIVER -DSTM32F411xE -c -I../Core/Inc -I../Drivers/STM32F4xx_HAL_Driver/Inc -I../Drivers/STM32F4xx_HAL_Driver/Inc/Legacy -I../Drivers/CMSIS/Device/ST/STM32F4xx/Include -I../Drivers/CMSIS/Include -I../Middlewares/Third_Party/FreeRTOS/Source/include -I../Middlewares/Third_Party/FreeRTOS/Source/CMSIS_RTOS_V2 -I../Middlewares/Third_Party/FreeRTOS/Source/portable/GCC/ARM_CM4F -O0 -ffunction-sections -fdata-sections -Wall -fstack-usage -fcyclomatic-complexity -MMD -MP -MF"Core/Src/User/L3/DepthSensor.d" -MT"Core/Src/User/L3/DepthSensor.o" --specs=nano.specs -mfpu=fpv4-sp-d16 -mfloat-abi=hard -mthumb -o "Core/Src/User/L3/DepthSensor.o"
../Core/Src/User/L4/SensorPlatform.c: In function 'SensorPlatformTask':
../Core/Src/User/L4/SensorPlatform.c:37:27: warning: pointer targets in passing argument 1 of 'print_str' differ in signedness [-Wpointer-sign]
   37 |                 print_str(rx_buffer_extern);
      |                           ^~~~~~~~~~~~~~~~
      |                           |
      |                           uint8_t * {aka unsigned char *}
In file included from ../Core/Src/User/L4/SensorPlatform.c:13:
../Core/Inc/User/util.h:13:23: note: expected 'char *' but argument is of type 'uint8_t *' {aka 'unsigned char *'}
   13 | void print_str(char * str);
      |                ~~~~~~~^~~
arm-none-eabi-gcc "../Core/Src/User/L2/Comm_Datalink.c" -mcpu=cortex-m4 -std=gnu11 -g3 -DDEBUG -DUSE_HAL_DRIVER -DSTM32F411xE -c -I../Core/Inc -I../Drivers/STM32F4xx_HAL_Driver/Inc -I../Drivers/STM32F4xx_HAL_Driver/Inc/Legacy -I../Drivers/CMSIS/Device/ST/STM32F4xx/Include -I../Drivers/CMSIS/Include -I../Middlewares/Third_Party/FreeRTOS/Source/include -I../Middlewares/Third_Party/FreeRTOS/Source/CMSIS_RTOS_V2 -I../Middlewares/Third_Party/FreeRTOS/Source/portable/GCC/ARM_CM4F -O0 -ffunction-sections -fdata-sections -Wall -fstack-usage -fcyclomatic-complexity -MMD -MP -MF"Core/Src/User/L2/Comm_Datalink.d" -MT"Core/Src/User/L2/Comm_Datalink.o" --specs=nano.specs -mfpu=fpv4-sp-d16 -mfloat-abi=hard -mthumb -o "Core/Src/User/L2/Comm_Datalink.o"
../Core/Src/User/L3/DepthSensor.c: In function 'RunDepthSensor':
../Core/Src/User/L3/DepthSensor.c:23:9: warning: implicit declaration of function 'print_str' [-Wimplicit-function-declaration]
   23 |         print_str("Making data\r\n");
      |         ^~~~~~~~~
arm-none-eabi-gcc "../Core/Src/User/L1/USART_Driver.c" -mcpu=cortex-m4 -std=gnu11 -g3 -DDEBUG -DUSE_HAL_DRIVER -DSTM32F411xE -c -I../Core/Inc -I../Drivers/STM32F4xx_HAL_Driver/Inc -I../Drivers/STM32F4xx_HAL_Driver/Inc/Legacy -I../Drivers/CMSIS/Device/ST/STM32F4xx/Include -I../Drivers/CMSIS/Include -I../Middlewares/Third_Party/FreeRTOS/Source/include -I../Middlewares/Third_Party/FreeRTOS/Source/CMSIS_RTOS_V2 -I../Middlewares/Third_Party/FreeRTOS/Source/portable/GCC/ARM_CM4F -O0 -ffunction-sections -fdata-sections -Wall -fstack-usage -fcyclomatic-complexity -MMD -MP -MF"Core/Src/User/L1/USART_Driver.d" -MT"Core/Src/User/L1/USART_Driver.o" --specs=nano.specs -mfpu=fpv4-sp-d16 -mfloat-abi=hard -mthumb -o "Core/Src/User/L1/USART_Driver.o"
arm-none-eabi-gcc "../Core/Src/User/main_user.c" -mcpu=cortex-m4 -std=gnu11 -g3 -DDEBUG -DUSE_HAL_DRIVER -DSTM32F411xE -c -I../Core/Inc -I../Drivers/STM32F4xx_HAL_Driver/Inc -I../Drivers/STM32F4xx_HAL_Driver/Inc/Legacy -I../Drivers/CMSIS/Device/ST/STM32F4xx/Include -I../Drivers/CMSIS/Include -I../Middlewares/Third_Party/FreeRTOS/Source/include -I../Middlewares/Third_Party/FreeRTOS/Source/CMSIS_RTOS_V2 -I../Middlewares/Third_Party/FreeRTOS/Source/portable/GCC/ARM_CM4F -O0 -ffunction-sections -fdata-sections -Wall -fstack-usage -fcyclomatic-complexity -MMD -MP -MF"Core/Src/User/main_user.d" -MT"Core/Src/User/main_user.o" --specs=nano.specs -mfpu=fpv4-sp-d16 -mfloat-abi=hard -mthumb -o "Core/Src/User/main_user.o"
arm-none-eabi-gcc "../Core/Src/User/util.c" -mcpu=cortex-m4 -std=gnu11 -g3 -DDEBUG -DUSE_HAL_DRIVER -DSTM32F411xE -c -I../Core/Inc -I../Drivers/STM32F4xx_HAL_Driver/Inc -I../Drivers/STM32F4xx_HAL_Driver/Inc/Legacy -I../Drivers/CMSIS/Device/ST/STM32F4xx/Include -I../Drivers/CMSIS/Include -I../Middlewares/Third_Party/FreeRTOS/Source/include -I../Middlewares/Third_Party/FreeRTOS/Source/CMSIS_RTOS_V2 -I../Middlewares/Third_Party/FreeRTOS/Source/portable/GCC/ARM_CM4F -O0 -ffunction-sections -fdata-sections -Wall -fstack-usage -fcyclomatic-complexity -MMD -MP -MF"Core/Src/User/util.d" -MT"Core/Src/User/util.o" --specs=nano.specs -mfpu=fpv4-sp-d16 -mfloat-abi=hard -mthumb -o "Core/Src/User/util.o"
arm-none-eabi-gcc "../Core/Src/freertos.c" -mcpu=cortex-m4 -std=gnu11 -g3 -DDEBUG -DUSE_HAL_DRIVER -DSTM32F411xE -c -I../Core/Inc -I../Drivers/STM32F4xx_HAL_Driver/Inc -I../Drivers/STM32F4xx_HAL_Driver/Inc/Legacy -I../Drivers/CMSIS/Device/ST/STM32F4xx/Include -I../Drivers/CMSIS/Include -I../Middlewares/Third_Party/FreeRTOS/Source/include -I../Middlewares/Third_Party/FreeRTOS/Source/CMSIS_RTOS_V2 -I../Middlewares/Third_Party/FreeRTOS/Source/portable/GCC/ARM_CM4F -O0 -ffunction-sections -fdata-sections -Wall -fstack-usage -fcyclomatic-complexity -MMD -MP -MF"Core/Src/freertos.d" -MT"Core/Src/freertos.o" --specs=nano.specs -mfpu=fpv4-sp-d16 -mfloat-abi=hard -mthumb -o "Core/Src/freertos.o"
arm-none-eabi-gcc "../Core/Src/main.c" -mcpu=cortex-m4 -std=gnu11 -g3 -DDEBUG -DUSE_HAL_DRIVER -DSTM32F411xE -c -I../Core/Inc -I../Drivers/STM32F4xx_HAL_Driver/Inc -I../Drivers/STM32F4xx_HAL_Driver/Inc/Legacy -I../Drivers/CMSIS/Device/ST/STM32F4xx/Include -I../Drivers/CMSIS/Include -I../Middlewares/Third_Party/FreeRTOS/Source/include -I../Middlewares/Third_Party/FreeRTOS/Source/CMSIS_RTOS_V2 -I../Middlewares/Third_Party/FreeRTOS/Source/portable/GCC/ARM_CM4F -O0 -ffunction-sections -fdata-sections -Wall -fstack-usage -fcyclomatic-complexity -MMD -MP -MF"Core/Src/main.d" -MT"Core/Src/main.o" --specs=nano.specs -mfpu=fpv4-sp-d16 -mfloat-abi=hard -mthumb -o "Core/Src/main.o"
arm-none-eabi-gcc "../Core/Src/stm32f4xx_hal_msp.c" -mcpu=cortex-m4 -std=gnu11 -g3 -DDEBUG -DUSE_HAL_DRIVER -DSTM32F411xE -c -I../Core/Inc -I../Drivers/STM32F4xx_HAL_Driver/Inc -I../Drivers/STM32F4xx_HAL_Driver/Inc/Legacy -I../Drivers/CMSIS/Device/ST/STM32F4xx/Include -I../Drivers/CMSIS/Include -I../Middlewares/Third_Party/FreeRTOS/Source/include -I../Middlewares/Third_Party/FreeRTOS/Source/CMSIS_RTOS_V2 -I../Middlewares/Third_Party/FreeRTOS/Source/portable/GCC/ARM_CM4F -O0 -ffunction-sections -fdata-sections -Wall -fstack-usage -fcyclomatic-complexity -MMD -MP -MF"Core/Src/stm32f4xx_hal_msp.d" -MT"Core/Src/stm32f4xx_hal_msp.o" --specs=nano.specs -mfpu=fpv4-sp-d16 -mfloat-abi=hard -mthumb -o "Core/Src/stm32f4xx_hal_msp.o"
arm-none-eabi-gcc "../Core/Src/stm32f4xx_hal_timebase_tim.c" -mcpu=cortex-m4 -std=gnu11 -g3 -DDEBUG -DUSE_HAL_DRIVER -DSTM32F411xE -c -I../Core/Inc -I../Drivers/STM32F4xx_HAL_Driver/Inc -I../Drivers/STM32F4xx_HAL_Driver/Inc/Legacy -I../Drivers/CMSIS/Device/ST/STM32F4xx/Include -I../Drivers/CMSIS/Include -I../Middlewares/Third_Party/FreeRTOS/Source/include -I../Middlewares/Third_Party/FreeRTOS/Source/CMSIS_RTOS_V2 -I../Middlewares/Third_Party/FreeRTOS/Source/portable/GCC/ARM_CM4F -O0 -ffunction-sections -fdata-sections -Wall -fstack-usage -fcyclomatic-complexity -MMD -MP -MF"Core/Src/stm32f4xx_hal_timebase_tim.d" -MT"Core/Src/stm32f4xx_hal_timebase_tim.o" --specs=nano.specs -mfpu=fpv4-sp-d16 -mfloat-abi=hard -mthumb -o "Core/Src/stm32f4xx_hal_timebase_tim.o"
arm-none-eabi-gcc "../Core/Src/stm32f4xx_it.c" -mcpu=cortex-m4 -std=gnu11 -g3 -DDEBUG -DUSE_HAL_DRIVER -DSTM32F411xE -c -I../Core/Inc -I../Drivers/STM32F4xx_HAL_Driver/Inc -I../Drivers/STM32F4xx_HAL_Driver/Inc/Legacy -I../Drivers/CMSIS/Device/ST/STM32F4xx/Include -I../Drivers/CMSIS/Include -I../Middlewares/Third_Party/FreeRTOS/Source/include -I../Middlewares/Third_Party/FreeRTOS/Source/CMSIS_RTOS_V2 -I../Middlewares/Third_Party/FreeRTOS/Source/portable/GCC/ARM_CM4F -O0 -ffunction-sections -fdata-sections -Wall -fstack-usage -fcyclomatic-complexity -MMD -MP -MF"Core/Src/stm32f4xx_it.d" -MT"Core/Src/stm32f4xx_it.o" --specs=nano.specs -mfpu=fpv4-sp-d16 -mfloat-abi=hard -mthumb -o "Core/Src/stm32f4xx_it.o"
arm-none-eabi-gcc "../Core/Src/syscalls.c" -mcpu=cortex-m4 -std=gnu11 -g3 -DDEBUG -DUSE_HAL_DRIVER -DSTM32F411xE -c -I../Core/Inc -I../Drivers/STM32F4xx_HAL_Driver/Inc -I../Drivers/STM32F4xx_HAL_Driver/Inc/Legacy -I../Drivers/CMSIS/Device/ST/STM32F4xx/Include -I../Drivers/CMSIS/Include -I../Middlewares/Third_Party/FreeRTOS/Source/include -I../Middlewares/Third_Party/FreeRTOS/Source/CMSIS_RTOS_V2 -I../Middlewares/Third_Party/FreeRTOS/Source/portable/GCC/ARM_CM4F -O0 -ffunction-sections -fdata-sections -Wall -fstack-usage -fcyclomatic-complexity -MMD -MP -MF"Core/Src/syscalls.d" -MT"Core/Src/syscalls.o" --specs=nano.specs -mfpu=fpv4-sp-d16 -mfloat-abi=hard -mthumb -o "Core/Src/syscalls.o"
arm-none-eabi-gcc "../Core/Src/sysmem.c" -mcpu=cortex-m4 -std=gnu11 -g3 -DDEBUG -DUSE_HAL_DRIVER -DSTM32F411xE -c -I../Core/Inc -I../Drivers/STM32F4xx_HAL_Driver/Inc -I../Drivers/STM32F4xx_HAL_Driver/Inc/Legacy -I../Drivers/CMSIS/Device/ST/STM32F4xx/Include -I../Drivers/CMSIS/Include -I../Middlewares/Third_Party/FreeRTOS/Source/include -I../Middlewares/Third_Party/FreeRTOS/Source/CMSIS_RTOS_V2 -I../Middlewares/Third_Party/FreeRTOS/Source/portable/GCC/ARM_CM4F -O0 -ffunction-sections -fdata-sections -Wall -fstack-usage -fcyclomatic-complexity -MMD -MP -MF"Core/Src/sysmem.d" -MT"Core/Src/sysmem.o" --specs=nano.specs -mfpu=fpv4-sp-d16 -mfloat-abi=hard -mthumb -o "Core/Src/sysmem.o"
arm-none-eabi-gcc "../Core/Src/system_stm32f4xx.c" -mcpu=cortex-m4 -std=gnu11 -g3 -DDEBUG -DUSE_HAL_DRIVER -DSTM32F411xE -c -I../Core/Inc -I../Drivers/STM32F4xx_HAL_Driver/Inc -I../Drivers/STM32F4xx_HAL_Driver/Inc/Legacy -I../Drivers/CMSIS/Device/ST/STM32F4xx/Include -I../Drivers/CMSIS/Include -I../Middlewares/Third_Party/FreeRTOS/Source/include -I../Middlewares/Third_Party/FreeRTOS/Source/CMSIS_RTOS_V2 -I../Middlewares/Third_Party/FreeRTOS/Source/portable/GCC/ARM_CM4F -O0 -ffunction-sections -fdata-sections -Wall -fstack-usage -fcyclomatic-complexity -MMD -MP -MF"Core/Src/system_stm32f4xx.d" -MT"Core/Src/system_stm32f4xx.o" --specs=nano.specs -mfpu=fpv4-sp-d16 -mfloat-abi=hard -mthumb -o "Core/Src/system_stm32f4xx.o"
arm-none-eabi-gcc -o "ECED4402_2022.elf" @"objects.list"   -mcpu=cortex-m4 -T"C:\Users\Mido Abdin\Desktop\Dalhousie\Fall 2023\Real Time Systems\Depth controller lab 4\ECED4402_2022-L4_SensorController\ECED4402_2022-L4_SensorController\STM32F411RETX_FLASH.ld" --specs=nosys.specs -Wl,-Map="ECED4402_2022.map" -Wl,--gc-sections -static --specs=nano.specs -mfpu=fpv4-sp-d16 -mfloat-abi=hard -mthumb -Wl,--start-group -lc -lm -Wl,--end-group
Finished building target: ECED4402_2022.elf
 
arm-none-eabi-size   ECED4402_2022.elf 
arm-none-eabi-objdump -h -S  ECED4402_2022.elf  > "ECED4402_2022.list"
   text	   data	    bss	    dec	    hex	filename
  30120	    112	  21208	  51440	   c8f0	ECED4402_2022.elf
Finished building: default.size.stdout
 
Finished building: ECED4402_2022.list
 
12:29:15 **** Incremental Build of configuration Debug for project ECED4402_2022 ****
make -j8 all 
arm-none-eabi-size   ECED4402_2022.elf 
   text	   data	    bss	    dec	    hex	filename
  30120	    112	  21208	  51440	   c8f0	ECED4402_2022.elf
Finished building: default.size.stdout
 
12:29:40 **** Incremental Build of configuration Debug for project ECED4402_2022 ****
make -j8 all 
arm-none-eabi-gcc "../Core/Src/User/main_user.c" -mcpu=cortex-m4 -std=gnu11 -g3 -DDEBUG -DUSE_HAL_DRIVER -DSTM32F411xE -c -I../Core/Inc -I../Drivers/STM32F4xx_HAL_Driver/Inc -I../Drivers/STM32F4xx_HAL_Driver/Inc/Legacy -I../Drivers/CMSIS/Device/ST/STM32F4xx/Include -I../Drivers/CMSIS/Include -I../Middlewares/Third_Party/FreeRTOS/Source/include -I../Middlewares/Third_Party/FreeRTOS/Source/CMSIS_RTOS_V2 -I../Middlewares/Third_Party/FreeRTOS/Source/portable/GCC/ARM_CM4F -O0 -ffunction-sections -fdata-sections -Wall -fstack-usage -fcyclomatic-complexity -MMD -MP -MF"Core/Src/User/main_user.d" -MT"Core/Src/User/main_user.o" --specs=nano.specs -mfpu=fpv4-sp-d16 -mfloat-abi=hard -mthumb -o "Core/Src/User/main_user.o"
arm-none-eabi-gcc -o "ECED4402_2022.elf" @"objects.list"   -mcpu=cortex-m4 -T"C:\Users\Mido Abdin\Desktop\Dalhousie\Fall 2023\Real Time Systems\Depth controller lab 4\ECED4402_2022-L4_SensorController\ECED4402_2022-L4_SensorController\STM32F411RETX_FLASH.ld" --specs=nosys.specs -Wl,-Map="ECED4402_2022.map" -Wl,--gc-sections -static --specs=nano.specs -mfpu=fpv4-sp-d16 -mfloat-abi=hard -mthumb -Wl,--start-group -lc -lm -Wl,--end-group
Finished building target: ECED4402_2022.elf
 
arm-none-eabi-size   ECED4402_2022.elf 
arm-none-eabi-objdump -h -S  ECED4402_2022.elf  > "ECED4402_2022.list"
   text	   data	    bss	    dec	    hex	filename
  24644	    104	  21088	  45836	   b30c	ECED4402_2022.elf
Finished building: default.size.stdout
 
Finished building: ECED4402_2022.list
 
12:32:34 **** Incremental Build of configuration Debug for project ECED4402_2022 ****
make -j8 all 
arm-none-eabi-gcc "../Core/Src/User/L4/SensorPlatform.c" -mcpu=cortex-m4 -std=gnu11 -g3 -DDEBUG -DUSE_HAL_DRIVER -DSTM32F411xE -c -I../Core/Inc -I../Drivers/STM32F4xx_HAL_Driver/Inc -I../Drivers/STM32F4xx_HAL_Driver/Inc/Legacy -I../Drivers/CMSIS/Device/ST/STM32F4xx/Include -I../Drivers/CMSIS/Include -I../Middlewares/Third_Party/FreeRTOS/Source/include -I../Middlewares/Third_Party/FreeRTOS/Source/CMSIS_RTOS_V2 -I../Middlewares/Third_Party/FreeRTOS/Source/portable/GCC/ARM_CM4F -O0 -ffunction-sections -fdata-sections -Wall -fstack-usage -fcyclomatic-complexity -MMD -MP -MF"Core/Src/User/L4/SensorPlatform.d" -MT"Core/Src/User/L4/SensorPlatform.o" --specs=nano.specs -mfpu=fpv4-sp-d16 -mfloat-abi=hard -mthumb -o "Core/Src/User/L4/SensorPlatform.o"
../Core/Src/User/L4/SensorPlatform.c: In function 'SensorPlatformTask':
../Core/Src/User/L4/SensorPlatform.c:38:35: warning: pointer targets in passing argument 1 of 'print_str' differ in signedness [-Wpointer-sign]
   38 |                         print_str(rx_buffer_extern);
      |                                   ^~~~~~~~~~~~~~~~
      |                                   |
      |                                   uint8_t * {aka unsigned char *}
In file included from ../Core/Src/User/L4/SensorPlatform.c:13:
../Core/Inc/User/util.h:13:23: note: expected 'char *' but argument is of type 'uint8_t *' {aka 'unsigned char *'}
   13 | void print_str(char * str);
      |                ~~~~~~~^~~
arm-none-eabi-gcc -o "ECED4402_2022.elf" @"objects.list"   -mcpu=cortex-m4 -T"C:\Users\Mido Abdin\Desktop\Dalhousie\Fall 2023\Real Time Systems\Depth controller lab 4\ECED4402_2022-L4_SensorController\ECED4402_2022-L4_SensorController\STM32F411RETX_FLASH.ld" --specs=nosys.specs -Wl,-Map="ECED4402_2022.map" -Wl,--gc-sections -static --specs=nano.specs -mfpu=fpv4-sp-d16 -mfloat-abi=hard -mthumb -Wl,--start-group -lc -lm -Wl,--end-group
Finished building target: ECED4402_2022.elf
 
arm-none-eabi-size   ECED4402_2022.elf 
arm-none-eabi-objdump -h -S  ECED4402_2022.elf  > "ECED4402_2022.list"
   text	   data	    bss	    dec	    hex	filename
  24644	    104	  21088	  45836	   b30c	ECED4402_2022.elf
Finished building: default.size.stdout
 
Finished building: ECED4402_2022.list
 
12:35:15 **** Incremental Build of configuration Debug for project ECED4402_2022 ****
make -j8 all 
arm-none-eabi-gcc "../Core/Src/User/L4/SensorPlatform.c" -mcpu=cortex-m4 -std=gnu11 -g3 -DDEBUG -DUSE_HAL_DRIVER -DSTM32F411xE -c -I../Core/Inc -I../Drivers/STM32F4xx_HAL_Driver/Inc -I../Drivers/STM32F4xx_HAL_Driver/Inc/Legacy -I../Drivers/CMSIS/Device/ST/STM32F4xx/Include -I../Drivers/CMSIS/Include -I../Middlewares/Third_Party/FreeRTOS/Source/include -I../Middlewares/Third_Party/FreeRTOS/Source/CMSIS_RTOS_V2 -I../Middlewares/Third_Party/FreeRTOS/Source/portable/GCC/ARM_CM4F -O0 -ffunction-sections -fdata-sections -Wall -fstack-usage -fcyclomatic-complexity -MMD -MP -MF"Core/Src/User/L4/SensorPlatform.d" -MT"Core/Src/User/L4/SensorPlatform.o" --specs=nano.specs -mfpu=fpv4-sp-d16 -mfloat-abi=hard -mthumb -o "Core/Src/User/L4/SensorPlatform.o"
../Core/Src/User/L4/SensorPlatform.c: In function 'SensorPlatformTask':
../Core/Src/User/L4/SensorPlatform.c:38:35: error: lvalue required as unary '&' operand
   38 |                         print_str(&((char)rx_buffer_extern[0]));
      |                                   ^
make: *** [Core/Src/User/L4/subdir.mk:22: Core/Src/User/L4/SensorPlatform.o] Error 1
"make -j8 all" terminated with exit code 2. Build might be incomplete.
12:35:28 **** Incremental Build of configuration Debug for project ECED4402_2022 ****
make -j8 all 
arm-none-eabi-gcc "../Core/Src/User/L4/SensorPlatform.c" -mcpu=cortex-m4 -std=gnu11 -g3 -DDEBUG -DUSE_HAL_DRIVER -DSTM32F411xE -c -I../Core/Inc -I../Drivers/STM32F4xx_HAL_Driver/Inc -I../Drivers/STM32F4xx_HAL_Driver/Inc/Legacy -I../Drivers/CMSIS/Device/ST/STM32F4xx/Include -I../Drivers/CMSIS/Include -I../Middlewares/Third_Party/FreeRTOS/Source/include -I../Middlewares/Third_Party/FreeRTOS/Source/CMSIS_RTOS_V2 -I../Middlewares/Third_Party/FreeRTOS/Source/portable/GCC/ARM_CM4F -O0 -ffunction-sections -fdata-sections -Wall -fstack-usage -fcyclomatic-complexity -MMD -MP -MF"Core/Src/User/L4/SensorPlatform.d" -MT"Core/Src/User/L4/SensorPlatform.o" --specs=nano.specs -mfpu=fpv4-sp-d16 -mfloat-abi=hard -mthumb -o "Core/Src/User/L4/SensorPlatform.o"
../Core/Src/User/L4/SensorPlatform.c: In function 'SensorPlatformTask':
../Core/Src/User/L4/SensorPlatform.c:38:35: error: lvalue required as unary '&' operand
   38 |                         print_str(&((char)rx_buffer_extern[0]));
      |                                   ^
make: *** [Core/Src/User/L4/subdir.mk:22: Core/Src/User/L4/SensorPlatform.o] Error 1
"make -j8 all" terminated with exit code 2. Build might be incomplete.
12:38:11 **** Incremental Build of configuration Debug for project ECED4402_2022 ****
make -j8 all 
arm-none-eabi-gcc "../Core/Src/User/L4/SensorPlatform.c" -mcpu=cortex-m4 -std=gnu11 -g3 -DDEBUG -DUSE_HAL_DRIVER -DSTM32F411xE -c -I../Core/Inc -I../Drivers/STM32F4xx_HAL_Driver/Inc -I../Drivers/STM32F4xx_HAL_Driver/Inc/Legacy -I../Drivers/CMSIS/Device/ST/STM32F4xx/Include -I../Drivers/CMSIS/Include -I../Middlewares/Third_Party/FreeRTOS/Source/include -I../Middlewares/Third_Party/FreeRTOS/Source/CMSIS_RTOS_V2 -I../Middlewares/Third_Party/FreeRTOS/Source/portable/GCC/ARM_CM4F -O0 -ffunction-sections -fdata-sections -Wall -fstack-usage -fcyclomatic-complexity -MMD -MP -MF"Core/Src/User/L4/SensorPlatform.d" -MT"Core/Src/User/L4/SensorPlatform.o" --specs=nano.specs -mfpu=fpv4-sp-d16 -mfloat-abi=hard -mthumb -o "Core/Src/User/L4/SensorPlatform.o"
../Core/Src/User/L4/SensorPlatform.c: In function 'SensorPlatformTask':
../Core/Src/User/L4/SensorPlatform.c:38:35: warning: pointer targets in passing argument 1 of 'print_str' differ in signedness [-Wpointer-sign]
   38 |                         print_str(rx_buffer_extern);
      |                                   ^~~~~~~~~~~~~~~~
      |                                   |
      |                                   uint8_t * {aka unsigned char *}
In file included from ../Core/Src/User/L4/SensorPlatform.c:13:
../Core/Inc/User/util.h:13:23: note: expected 'char *' but argument is of type 'uint8_t *' {aka 'unsigned char *'}
   13 | void print_str(char * str);
      |                ~~~~~~~^~~
arm-none-eabi-gcc -o "ECED4402_2022.elf" @"objects.list"   -mcpu=cortex-m4 -T"C:\Users\Mido Abdin\Desktop\Dalhousie\Fall 2023\Real Time Systems\Depth controller lab 4\ECED4402_2022-L4_SensorController\ECED4402_2022-L4_SensorController\STM32F411RETX_FLASH.ld" --specs=nosys.specs -Wl,-Map="ECED4402_2022.map" -Wl,--gc-sections -static --specs=nano.specs -mfpu=fpv4-sp-d16 -mfloat-abi=hard -mthumb -Wl,--start-group -lc -lm -Wl,--end-group
Finished building target: ECED4402_2022.elf
 
arm-none-eabi-size   ECED4402_2022.elf 
arm-none-eabi-objdump -h -S  ECED4402_2022.elf  > "ECED4402_2022.list"
   text	   data	    bss	    dec	    hex	filename
  24756	    104	  21088	  45948	   b37c	ECED4402_2022.elf
Finished building: default.size.stdout
 
Finished building: ECED4402_2022.list
 
12:42:41 **** Incremental Build of configuration Debug for project ECED4402_2022 ****
make -j8 all 
arm-none-eabi-gcc "../Core/Src/User/L4/SensorController.c" -mcpu=cortex-m4 -std=gnu11 -g3 -DDEBUG -DUSE_HAL_DRIVER -DSTM32F411xE -c -I../Core/Inc -I../Drivers/STM32F4xx_HAL_Driver/Inc -I../Drivers/STM32F4xx_HAL_Driver/Inc/Legacy -I../Drivers/CMSIS/Device/ST/STM32F4xx/Include -I../Drivers/CMSIS/Include -I../Middlewares/Third_Party/FreeRTOS/Source/include -I../Middlewares/Third_Party/FreeRTOS/Source/CMSIS_RTOS_V2 -I../Middlewares/Third_Party/FreeRTOS/Source/portable/GCC/ARM_CM4F -O0 -ffunction-sections -fdata-sections -Wall -fstack-usage -fcyclomatic-complexity -MMD -MP -MF"Core/Src/User/L4/SensorController.d" -MT"Core/Src/User/L4/SensorController.o" --specs=nano.specs -mfpu=fpv4-sp-d16 -mfloat-abi=hard -mthumb -o "Core/Src/User/L4/SensorController.o"
arm-none-eabi-gcc "../Core/Src/User/L4/SensorPlatform.c" -mcpu=cortex-m4 -std=gnu11 -g3 -DDEBUG -DUSE_HAL_DRIVER -DSTM32F411xE -c -I../Core/Inc -I../Drivers/STM32F4xx_HAL_Driver/Inc -I../Drivers/STM32F4xx_HAL_Driver/Inc/Legacy -I../Drivers/CMSIS/Device/ST/STM32F4xx/Include -I../Drivers/CMSIS/Include -I../Middlewares/Third_Party/FreeRTOS/Source/include -I../Middlewares/Third_Party/FreeRTOS/Source/CMSIS_RTOS_V2 -I../Middlewares/Third_Party/FreeRTOS/Source/portable/GCC/ARM_CM4F -O0 -ffunction-sections -fdata-sections -Wall -fstack-usage -fcyclomatic-complexity -MMD -MP -MF"Core/Src/User/L4/SensorPlatform.d" -MT"Core/Src/User/L4/SensorPlatform.o" --specs=nano.specs -mfpu=fpv4-sp-d16 -mfloat-abi=hard -mthumb -o "Core/Src/User/L4/SensorPlatform.o"
arm-none-eabi-gcc "../Core/Src/User/main_user.c" -mcpu=cortex-m4 -std=gnu11 -g3 -DDEBUG -DUSE_HAL_DRIVER -DSTM32F411xE -c -I../Core/Inc -I../Drivers/STM32F4xx_HAL_Driver/Inc -I../Drivers/STM32F4xx_HAL_Driver/Inc/Legacy -I../Drivers/CMSIS/Device/ST/STM32F4xx/Include -I../Drivers/CMSIS/Include -I../Middlewares/Third_Party/FreeRTOS/Source/include -I../Middlewares/Third_Party/FreeRTOS/Source/CMSIS_RTOS_V2 -I../Middlewares/Third_Party/FreeRTOS/Source/portable/GCC/ARM_CM4F -O0 -ffunction-sections -fdata-sections -Wall -fstack-usage -fcyclomatic-complexity -MMD -MP -MF"Core/Src/User/main_user.d" -MT"Core/Src/User/main_user.o" --specs=nano.specs -mfpu=fpv4-sp-d16 -mfloat-abi=hard -mthumb -o "Core/Src/User/main_user.o"
../Core/Src/User/L4/SensorPlatform.c: In function 'SensorPlatformTask':
../Core/Src/User/L4/SensorPlatform.c:38:35: warning: pointer targets in passing argument 1 of 'print_str' differ in signedness [-Wpointer-sign]
   38 |                         print_str(rx_buffer_extern);
      |                                   ^~~~~~~~~~~~~~~~
      |                                   |
      |                                   uint8_t * {aka unsigned char *}
In file included from ../Core/Src/User/L4/SensorPlatform.c:13:
../Core/Inc/User/util.h:13:23: note: expected 'char *' but argument is of type 'uint8_t *' {aka 'unsigned char *'}
   13 | void print_str(char * str);
      |                ~~~~~~~^~~
arm-none-eabi-gcc -o "ECED4402_2022.elf" @"objects.list"   -mcpu=cortex-m4 -T"C:\Users\Mido Abdin\Desktop\Dalhousie\Fall 2023\Real Time Systems\Depth controller lab 4\ECED4402_2022-L4_SensorController\ECED4402_2022-L4_SensorController\STM32F411RETX_FLASH.ld" --specs=nosys.specs -Wl,-Map="ECED4402_2022.map" -Wl,--gc-sections -static --specs=nano.specs -mfpu=fpv4-sp-d16 -mfloat-abi=hard -mthumb -Wl,--start-group -lc -lm -Wl,--end-group
Finished building target: ECED4402_2022.elf
 
arm-none-eabi-size   ECED4402_2022.elf 
arm-none-eabi-objdump -h -S  ECED4402_2022.elf  > "ECED4402_2022.list"
   text	   data	    bss	    dec	    hex	filename
  29612	    104	  21152	  50868	   c6b4	ECED4402_2022.elf
Finished building: default.size.stdout
 
Finished building: ECED4402_2022.list
 
12:53:13 **** Incremental Build of configuration Debug for project ECED4402_2022 ****
make -j8 all 
arm-none-eabi-gcc "../Core/Src/User/L4/SensorController.c" -mcpu=cortex-m4 -std=gnu11 -g3 -DDEBUG -DUSE_HAL_DRIVER -DSTM32F411xE -c -I../Core/Inc -I../Drivers/STM32F4xx_HAL_Driver/Inc -I../Drivers/STM32F4xx_HAL_Driver/Inc/Legacy -I../Drivers/CMSIS/Device/ST/STM32F4xx/Include -I../Drivers/CMSIS/Include -I../Middlewares/Third_Party/FreeRTOS/Source/include -I../Middlewares/Third_Party/FreeRTOS/Source/CMSIS_RTOS_V2 -I../Middlewares/Third_Party/FreeRTOS/Source/portable/GCC/ARM_CM4F -O0 -ffunction-sections -fdata-sections -Wall -fstack-usage -fcyclomatic-complexity -MMD -MP -MF"Core/Src/User/L4/SensorController.d" -MT"Core/Src/User/L4/SensorController.o" --specs=nano.specs -mfpu=fpv4-sp-d16 -mfloat-abi=hard -mthumb -o "Core/Src/User/L4/SensorController.o"
arm-none-eabi-gcc "../Core/Src/User/L4/SensorPlatform.c" -mcpu=cortex-m4 -std=gnu11 -g3 -DDEBUG -DUSE_HAL_DRIVER -DSTM32F411xE -c -I../Core/Inc -I../Drivers/STM32F4xx_HAL_Driver/Inc -I../Drivers/STM32F4xx_HAL_Driver/Inc/Legacy -I../Drivers/CMSIS/Device/ST/STM32F4xx/Include -I../Drivers/CMSIS/Include -I../Middlewares/Third_Party/FreeRTOS/Source/include -I../Middlewares/Third_Party/FreeRTOS/Source/CMSIS_RTOS_V2 -I../Middlewares/Third_Party/FreeRTOS/Source/portable/GCC/ARM_CM4F -O0 -ffunction-sections -fdata-sections -Wall -fstack-usage -fcyclomatic-complexity -MMD -MP -MF"Core/Src/User/L4/SensorPlatform.d" -MT"Core/Src/User/L4/SensorPlatform.o" --specs=nano.specs -mfpu=fpv4-sp-d16 -mfloat-abi=hard -mthumb -o "Core/Src/User/L4/SensorPlatform.o"
arm-none-eabi-gcc "../Core/Src/User/main_user.c" -mcpu=cortex-m4 -std=gnu11 -g3 -DDEBUG -DUSE_HAL_DRIVER -DSTM32F411xE -c -I../Core/Inc -I../Drivers/STM32F4xx_HAL_Driver/Inc -I../Drivers/STM32F4xx_HAL_Driver/Inc/Legacy -I../Drivers/CMSIS/Device/ST/STM32F4xx/Include -I../Drivers/CMSIS/Include -I../Middlewares/Third_Party/FreeRTOS/Source/include -I../Middlewares/Third_Party/FreeRTOS/Source/CMSIS_RTOS_V2 -I../Middlewares/Third_Party/FreeRTOS/Source/portable/GCC/ARM_CM4F -O0 -ffunction-sections -fdata-sections -Wall -fstack-usage -fcyclomatic-complexity -MMD -MP -MF"Core/Src/User/main_user.d" -MT"Core/Src/User/main_user.o" --specs=nano.specs -mfpu=fpv4-sp-d16 -mfloat-abi=hard -mthumb -o "Core/Src/User/main_user.o"
arm-none-eabi-gcc -o "ECED4402_2022.elf" @"objects.list"   -mcpu=cortex-m4 -T"C:\Users\Mido Abdin\Desktop\Dalhousie\Fall 2023\Real Time Systems\Depth controller lab 4\ECED4402_2022-L4_SensorController\ECED4402_2022-L4_SensorController\STM32F411RETX_FLASH.ld" --specs=nosys.specs -Wl,-Map="ECED4402_2022.map" -Wl,--gc-sections -static --specs=nano.specs -mfpu=fpv4-sp-d16 -mfloat-abi=hard -mthumb -Wl,--start-group -lc -lm -Wl,--end-group
Finished building target: ECED4402_2022.elf
 
arm-none-eabi-size   ECED4402_2022.elf 
arm-none-eabi-objdump -h -S  ECED4402_2022.elf  > "ECED4402_2022.list"
   text	   data	    bss	    dec	    hex	filename
  27196	    104	  21096	  48396	   bd0c	ECED4402_2022.elf
Finished building: default.size.stdout
 
Finished building: ECED4402_2022.list
 
15:45:47 **** Incremental Build of configuration Debug for project ECED4402_2022 ****
make -j8 all 
arm-none-eabi-size   ECED4402_2022.elf 
   text	   data	    bss	    dec	    hex	filename
  27196	    104	  21096	  48396	   bd0c	ECED4402_2022.elf
Finished building: default.size.stdout
 
15:46:02 **** Incremental Build of configuration Debug for project ECED4402_2022 ****
make -j8 all 
arm-none-eabi-gcc "../Core/Src/User/main_user.c" -mcpu=cortex-m4 -std=gnu11 -g3 -DDEBUG -DUSE_HAL_DRIVER -DSTM32F411xE -c -I../Core/Inc -I../Drivers/STM32F4xx_HAL_Driver/Inc -I../Drivers/STM32F4xx_HAL_Driver/Inc/Legacy -I../Drivers/CMSIS/Device/ST/STM32F4xx/Include -I../Drivers/CMSIS/Include -I../Middlewares/Third_Party/FreeRTOS/Source/include -I../Middlewares/Third_Party/FreeRTOS/Source/CMSIS_RTOS_V2 -I../Middlewares/Third_Party/FreeRTOS/Source/portable/GCC/ARM_CM4F -O0 -ffunction-sections -fdata-sections -Wall -fstack-usage -fcyclomatic-complexity -MMD -MP -MF"Core/Src/User/main_user.d" -MT"Core/Src/User/main_user.o" --specs=nano.specs -mfpu=fpv4-sp-d16 -mfloat-abi=hard -mthumb -o "Core/Src/User/main_user.o"
arm-none-eabi-gcc -o "ECED4402_2022.elf" @"objects.list"   -mcpu=cortex-m4 -T"C:\Users\Mido Abdin\Desktop\Dalhousie\Fall 2023\Real Time Systems\Depth controller lab 4\ECED4402_2022-L4_SensorController\ECED4402_2022-L4_SensorController\STM32F411RETX_FLASH.ld" --specs=nosys.specs -Wl,-Map="ECED4402_2022.map" -Wl,--gc-sections -static --specs=nano.specs -mfpu=fpv4-sp-d16 -mfloat-abi=hard -mthumb -Wl,--start-group -lc -lm -Wl,--end-group
Finished building target: ECED4402_2022.elf
 
arm-none-eabi-size   ECED4402_2022.elf 
arm-none-eabi-objdump -h -S  ECED4402_2022.elf  > "ECED4402_2022.list"
   text	   data	    bss	    dec	    hex	filename
  29560	    104	  21152	  50816	   c680	ECED4402_2022.elf
Finished building: default.size.stdout
 
Finished building: ECED4402_2022.list
 
15:47:41 **** Incremental Build of configuration Debug for project ECED4402_2022 ****
make -j8 all 
arm-none-eabi-gcc "../Core/Src/User/main_user.c" -mcpu=cortex-m4 -std=gnu11 -g3 -DDEBUG -DUSE_HAL_DRIVER -DSTM32F411xE -c -I../Core/Inc -I../Drivers/STM32F4xx_HAL_Driver/Inc -I../Drivers/STM32F4xx_HAL_Driver/Inc/Legacy -I../Drivers/CMSIS/Device/ST/STM32F4xx/Include -I../Drivers/CMSIS/Include -I../Middlewares/Third_Party/FreeRTOS/Source/include -I../Middlewares/Third_Party/FreeRTOS/Source/CMSIS_RTOS_V2 -I../Middlewares/Third_Party/FreeRTOS/Source/portable/GCC/ARM_CM4F -O0 -ffunction-sections -fdata-sections -Wall -fstack-usage -fcyclomatic-complexity -MMD -MP -MF"Core/Src/User/main_user.d" -MT"Core/Src/User/main_user.o" --specs=nano.specs -mfpu=fpv4-sp-d16 -mfloat-abi=hard -mthumb -o "Core/Src/User/main_user.o"
arm-none-eabi-gcc -o "ECED4402_2022.elf" @"objects.list"   -mcpu=cortex-m4 -T"C:\Users\Mido Abdin\Desktop\Dalhousie\Fall 2023\Real Time Systems\Depth controller lab 4\ECED4402_2022-L4_SensorController\ECED4402_2022-L4_SensorController\STM32F411RETX_FLASH.ld" --specs=nosys.specs -Wl,-Map="ECED4402_2022.map" -Wl,--gc-sections -static --specs=nano.specs -mfpu=fpv4-sp-d16 -mfloat-abi=hard -mthumb -Wl,--start-group -lc -lm -Wl,--end-group
Finished building target: ECED4402_2022.elf
 
arm-none-eabi-size   ECED4402_2022.elf 
arm-none-eabi-objdump -h -S  ECED4402_2022.elf  > "ECED4402_2022.list"
   text	   data	    bss	    dec	    hex	filename
  27196	    104	  21096	  48396	   bd0c	ECED4402_2022.elf
Finished building: default.size.stdout
 
Finished building: ECED4402_2022.list
 
15:49:21 **** Incremental Build of configuration Debug for project ECED4402_2022 ****
make -j8 all 
arm-none-eabi-gcc "../Core/Src/User/L4/SensorPlatform.c" -mcpu=cortex-m4 -std=gnu11 -g3 -DDEBUG -DUSE_HAL_DRIVER -DSTM32F411xE -c -I../Core/Inc -I../Drivers/STM32F4xx_HAL_Driver/Inc -I../Drivers/STM32F4xx_HAL_Driver/Inc/Legacy -I../Drivers/CMSIS/Device/ST/STM32F4xx/Include -I../Drivers/CMSIS/Include -I../Middlewares/Third_Party/FreeRTOS/Source/include -I../Middlewares/Third_Party/FreeRTOS/Source/CMSIS_RTOS_V2 -I../Middlewares/Third_Party/FreeRTOS/Source/portable/GCC/ARM_CM4F -O0 -ffunction-sections -fdata-sections -Wall -fstack-usage -fcyclomatic-complexity -MMD -MP -MF"Core/Src/User/L4/SensorPlatform.d" -MT"Core/Src/User/L4/SensorPlatform.o" --specs=nano.specs -mfpu=fpv4-sp-d16 -mfloat-abi=hard -mthumb -o "Core/Src/User/L4/SensorPlatform.o"
arm-none-eabi-gcc -o "ECED4402_2022.elf" @"objects.list"   -mcpu=cortex-m4 -T"C:\Users\Mido Abdin\Desktop\Dalhousie\Fall 2023\Real Time Systems\Depth controller lab 4\ECED4402_2022-L4_SensorController\ECED4402_2022-L4_SensorController\STM32F411RETX_FLASH.ld" --specs=nosys.specs -Wl,-Map="ECED4402_2022.map" -Wl,--gc-sections -static --specs=nano.specs -mfpu=fpv4-sp-d16 -mfloat-abi=hard -mthumb -Wl,--start-group -lc -lm -Wl,--end-group
Finished building target: ECED4402_2022.elf
 
arm-none-eabi-size   ECED4402_2022.elf 
arm-none-eabi-objdump -h -S  ECED4402_2022.elf  > "ECED4402_2022.list"
   text	   data	    bss	    dec	    hex	filename
  27212	    104	  21096	  48412	   bd1c	ECED4402_2022.elf
Finished building: default.size.stdout
 
Finished building: ECED4402_2022.list
 
15:52:57 **** Incremental Build of configuration Debug for project ECED4402_2022 ****
make -j8 all 
arm-none-eabi-size   ECED4402_2022.elf 
   text	   data	    bss	    dec	    hex	filename
  27212	    104	  21096	  48412	   bd1c	ECED4402_2022.elf
Finished building: default.size.stdout
 
16:13:19 **** Incremental Build of configuration Debug for project ECED4402_2022 ****
make -j8 all 
arm-none-eabi-gcc "../Core/Src/User/L1/USART_Driver.c" -mcpu=cortex-m4 -std=gnu11 -g3 -DDEBUG -DUSE_HAL_DRIVER -DSTM32F411xE -c -I../Core/Inc -I../Drivers/STM32F4xx_HAL_Driver/Inc -I../Drivers/STM32F4xx_HAL_Driver/Inc/Legacy -I../Drivers/CMSIS/Device/ST/STM32F4xx/Include -I../Drivers/CMSIS/Include -I../Middlewares/Third_Party/FreeRTOS/Source/include -I../Middlewares/Third_Party/FreeRTOS/Source/CMSIS_RTOS_V2 -I../Middlewares/Third_Party/FreeRTOS/Source/portable/GCC/ARM_CM4F -O0 -ffunction-sections -fdata-sections -Wall -fstack-usage -fcyclomatic-complexity -MMD -MP -MF"Core/Src/User/L1/USART_Driver.d" -MT"Core/Src/User/L1/USART_Driver.o" --specs=nano.specs -mfpu=fpv4-sp-d16 -mfloat-abi=hard -mthumb -o "Core/Src/User/L1/USART_Driver.o"
arm-none-eabi-gcc -o "ECED4402_2022.elf" @"objects.list"   -mcpu=cortex-m4 -T"C:\Users\Mido Abdin\Desktop\Dalhousie\Fall 2023\Real Time Systems\Depth controller lab 4\ECED4402_2022-L4_SensorController\ECED4402_2022-L4_SensorController\STM32F411RETX_FLASH.ld" --specs=nosys.specs -Wl,-Map="ECED4402_2022.map" -Wl,--gc-sections -static --specs=nano.specs -mfpu=fpv4-sp-d16 -mfloat-abi=hard -mthumb -Wl,--start-group -lc -lm -Wl,--end-group
C:/ST/STM32CubeIDE_1.13.2/STM32CubeIDE/plugins/com.st.stm32cube.ide.mcu.externaltools.gnu-tools-for-stm32.11.3.rel1.win32_1.1.1.202309131626/tools/bin/../lib/gcc/arm-none-eabi/11.3.1/../../../../arm-none-eabi/bin/ld.exe: ./Core/Src/main.o:C:/Users/Mido Abdin/Desktop/Dalhousie/Fall 2023/Real Time Systems/Depth controller lab 4/ECED4402_2022-L4_SensorController/ECED4402_2022-L4_SensorController/Debug/../Core/Src/main.c:43: multiple definition of `huart2'; ./Core/Src/User/L1/USART_Driver.o:C:/Users/Mido Abdin/Desktop/Dalhousie/Fall 2023/Real Time Systems/Depth controller lab 4/ECED4402_2022-L4_SensorController/ECED4402_2022-L4_SensorController/Debug/../Core/Src/User/L1/USART_Driver.c:28: first defined here
C:/ST/STM32CubeIDE_1.13.2/STM32CubeIDE/plugins/com.st.stm32cube.ide.mcu.externaltools.gnu-tools-for-stm32.11.3.rel1.win32_1.1.1.202309131626/tools/bin/../lib/gcc/arm-none-eabi/11.3.1/../../../../arm-none-eabi/bin/ld.exe: ./Core/Src/main.o:C:/Users/Mido Abdin/Desktop/Dalhousie/Fall 2023/Real Time Systems/Depth controller lab 4/ECED4402_2022-L4_SensorController/ECED4402_2022-L4_SensorController/Debug/../Core/Src/main.c:44: multiple definition of `huart6'; ./Core/Src/User/L1/USART_Driver.o:C:/Users/Mido Abdin/Desktop/Dalhousie/Fall 2023/Real Time Systems/Depth controller lab 4/ECED4402_2022-L4_SensorController/ECED4402_2022-L4_SensorController/Debug/../Core/Src/User/L1/USART_Driver.c:29: first defined here
collect2.exe: error: ld returned 1 exit status
make: *** [makefile:73: ECED4402_2022.elf] Error 1
"make -j8 all" terminated with exit code 2. Build might be incomplete.
16:13:39 **** Incremental Build of configuration Debug for project ECED4402_2022 ****
make -j8 all 
arm-none-eabi-gcc -o "ECED4402_2022.elf" @"objects.list"   -mcpu=cortex-m4 -T"C:\Users\Mido Abdin\Desktop\Dalhousie\Fall 2023\Real Time Systems\Depth controller lab 4\ECED4402_2022-L4_SensorController\ECED4402_2022-L4_SensorController\STM32F411RETX_FLASH.ld" --specs=nosys.specs -Wl,-Map="ECED4402_2022.map" -Wl,--gc-sections -static --specs=nano.specs -mfpu=fpv4-sp-d16 -mfloat-abi=hard -mthumb -Wl,--start-group -lc -lm -Wl,--end-group
C:/ST/STM32CubeIDE_1.13.2/STM32CubeIDE/plugins/com.st.stm32cube.ide.mcu.externaltools.gnu-tools-for-stm32.11.3.rel1.win32_1.1.1.202309131626/tools/bin/../lib/gcc/arm-none-eabi/11.3.1/../../../../arm-none-eabi/bin/ld.exe: ./Core/Src/main.o:C:/Users/Mido Abdin/Desktop/Dalhousie/Fall 2023/Real Time Systems/Depth controller lab 4/ECED4402_2022-L4_SensorController/ECED4402_2022-L4_SensorController/Debug/../Core/Src/main.c:43: multiple definition of `huart2'; ./Core/Src/User/L1/USART_Driver.o:C:/Users/Mido Abdin/Desktop/Dalhousie/Fall 2023/Real Time Systems/Depth controller lab 4/ECED4402_2022-L4_SensorController/ECED4402_2022-L4_SensorController/Debug/../Core/Src/User/L1/USART_Driver.c:28: first defined here
C:/ST/STM32CubeIDE_1.13.2/STM32CubeIDE/plugins/com.st.stm32cube.ide.mcu.externaltools.gnu-tools-for-stm32.11.3.rel1.win32_1.1.1.202309131626/tools/bin/../lib/gcc/arm-none-eabi/11.3.1/../../../../arm-none-eabi/bin/ld.exe: ./Core/Src/main.o:C:/Users/Mido Abdin/Desktop/Dalhousie/Fall 2023/Real Time Systems/Depth controller lab 4/ECED4402_2022-L4_SensorController/ECED4402_2022-L4_SensorController/Debug/../Core/Src/main.c:44: multiple definition of `huart6'; ./Core/Src/User/L1/USART_Driver.o:C:/Users/Mido Abdin/Desktop/Dalhousie/Fall 2023/Real Time Systems/Depth controller lab 4/ECED4402_2022-L4_SensorController/ECED4402_2022-L4_SensorController/Debug/../Core/Src/User/L1/USART_Driver.c:29: first defined here
collect2.exe: error: ld returned 1 exit status
make: *** [makefile:73: ECED4402_2022.elf] Error 1
"make -j8 all" terminated with exit code 2. Build might be incomplete.
16:14:33 **** Incremental Build of configuration Debug for project ECED4402_2022 ****
make -j8 all 
arm-none-eabi-gcc "../Core/Src/User/L1/USART_Driver.c" -mcpu=cortex-m4 -std=gnu11 -g3 -DDEBUG -DUSE_HAL_DRIVER -DSTM32F411xE -c -I../Core/Inc -I../Drivers/STM32F4xx_HAL_Driver/Inc -I../Drivers/STM32F4xx_HAL_Driver/Inc/Legacy -I../Drivers/CMSIS/Device/ST/STM32F4xx/Include -I../Drivers/CMSIS/Include -I../Middlewares/Third_Party/FreeRTOS/Source/include -I../Middlewares/Third_Party/FreeRTOS/Source/CMSIS_RTOS_V2 -I../Middlewares/Third_Party/FreeRTOS/Source/portable/GCC/ARM_CM4F -O0 -ffunction-sections -fdata-sections -Wall -fstack-usage -fcyclomatic-complexity -MMD -MP -MF"Core/Src/User/L1/USART_Driver.d" -MT"Core/Src/User/L1/USART_Driver.o" --specs=nano.specs -mfpu=fpv4-sp-d16 -mfloat-abi=hard -mthumb -o "Core/Src/User/L1/USART_Driver.o"
arm-none-eabi-gcc -o "ECED4402_2022.elf" @"objects.list"   -mcpu=cortex-m4 -T"C:\Users\Mido Abdin\Desktop\Dalhousie\Fall 2023\Real Time Systems\Depth controller lab 4\ECED4402_2022-L4_SensorController\ECED4402_2022-L4_SensorController\STM32F411RETX_FLASH.ld" --specs=nosys.specs -Wl,-Map="ECED4402_2022.map" -Wl,--gc-sections -static --specs=nano.specs -mfpu=fpv4-sp-d16 -mfloat-abi=hard -mthumb -Wl,--start-group -lc -lm -Wl,--end-group
C:/ST/STM32CubeIDE_1.13.2/STM32CubeIDE/plugins/com.st.stm32cube.ide.mcu.externaltools.gnu-tools-for-stm32.11.3.rel1.win32_1.1.1.202309131626/tools/bin/../lib/gcc/arm-none-eabi/11.3.1/../../../../arm-none-eabi/bin/ld.exe: ./Core/Src/main.o:C:/Users/Mido Abdin/Desktop/Dalhousie/Fall 2023/Real Time Systems/Depth controller lab 4/ECED4402_2022-L4_SensorController/ECED4402_2022-L4_SensorController/Debug/../Core/Src/main.c:44: multiple definition of `huart6'; ./Core/Src/User/L1/USART_Driver.o:C:/Users/Mido Abdin/Desktop/Dalhousie/Fall 2023/Real Time Systems/Depth controller lab 4/ECED4402_2022-L4_SensorController/ECED4402_2022-L4_SensorController/Debug/../Core/Src/User/L1/USART_Driver.c:29: first defined here
collect2.exe: error: ld returned 1 exit status
make: *** [makefile:73: ECED4402_2022.elf] Error 1
"make -j8 all" terminated with exit code 2. Build might be incomplete.
16:22:39 **** Incremental Build of configuration Debug for project ECED4402_2022 ****
make -j8 all 
arm-none-eabi-gcc "../Core/Src/User/L1/USART_Driver.c" -mcpu=cortex-m4 -std=gnu11 -g3 -DDEBUG -DUSE_HAL_DRIVER -DSTM32F411xE -c -I../Core/Inc -I../Drivers/STM32F4xx_HAL_Driver/Inc -I../Drivers/STM32F4xx_HAL_Driver/Inc/Legacy -I../Drivers/CMSIS/Device/ST/STM32F4xx/Include -I../Drivers/CMSIS/Include -I../Middlewares/Third_Party/FreeRTOS/Source/include -I../Middlewares/Third_Party/FreeRTOS/Source/CMSIS_RTOS_V2 -I../Middlewares/Third_Party/FreeRTOS/Source/portable/GCC/ARM_CM4F -O0 -ffunction-sections -fdata-sections -Wall -fstack-usage -fcyclomatic-complexity -MMD -MP -MF"Core/Src/User/L1/USART_Driver.d" -MT"Core/Src/User/L1/USART_Driver.o" --specs=nano.specs -mfpu=fpv4-sp-d16 -mfloat-abi=hard -mthumb -o "Core/Src/User/L1/USART_Driver.o"
arm-none-eabi-gcc -o "ECED4402_2022.elf" @"objects.list"   -mcpu=cortex-m4 -T"C:\Users\Mido Abdin\Desktop\Dalhousie\Fall 2023\Real Time Systems\Depth controller lab 4\ECED4402_2022-L4_SensorController\ECED4402_2022-L4_SensorController\STM32F411RETX_FLASH.ld" --specs=nosys.specs -Wl,-Map="ECED4402_2022.map" -Wl,--gc-sections -static --specs=nano.specs -mfpu=fpv4-sp-d16 -mfloat-abi=hard -mthumb -Wl,--start-group -lc -lm -Wl,--end-group
Finished building target: ECED4402_2022.elf
 
arm-none-eabi-size   ECED4402_2022.elf 
arm-none-eabi-objdump -h -S  ECED4402_2022.elf  > "ECED4402_2022.list"
   text	   data	    bss	    dec	    hex	filename
  27212	    104	  21096	  48412	   bd1c	ECED4402_2022.elf
Finished building: default.size.stdout
 
Finished building: ECED4402_2022.list
 
16:26:24 **** Incremental Build of configuration Debug for project ECED4402_2022 ****
make -j8 all 
arm-none-eabi-gcc "../Core/Src/User/L4/SensorPlatform.c" -mcpu=cortex-m4 -std=gnu11 -g3 -DDEBUG -DUSE_HAL_DRIVER -DSTM32F411xE -c -I../Core/Inc -I../Drivers/STM32F4xx_HAL_Driver/Inc -I../Drivers/STM32F4xx_HAL_Driver/Inc/Legacy -I../Drivers/CMSIS/Device/ST/STM32F4xx/Include -I../Drivers/CMSIS/Include -I../Middlewares/Third_Party/FreeRTOS/Source/include -I../Middlewares/Third_Party/FreeRTOS/Source/CMSIS_RTOS_V2 -I../Middlewares/Third_Party/FreeRTOS/Source/portable/GCC/ARM_CM4F -O0 -ffunction-sections -fdata-sections -Wall -fstack-usage -fcyclomatic-complexity -MMD -MP -MF"Core/Src/User/L4/SensorPlatform.d" -MT"Core/Src/User/L4/SensorPlatform.o" --specs=nano.specs -mfpu=fpv4-sp-d16 -mfloat-abi=hard -mthumb -o "Core/Src/User/L4/SensorPlatform.o"
arm-none-eabi-gcc -o "ECED4402_2022.elf" @"objects.list"   -mcpu=cortex-m4 -T"C:\Users\Mido Abdin\Desktop\Dalhousie\Fall 2023\Real Time Systems\Depth controller lab 4\ECED4402_2022-L4_SensorController\ECED4402_2022-L4_SensorController\STM32F411RETX_FLASH.ld" --specs=nosys.specs -Wl,-Map="ECED4402_2022.map" -Wl,--gc-sections -static --specs=nano.specs -mfpu=fpv4-sp-d16 -mfloat-abi=hard -mthumb -Wl,--start-group -lc -lm -Wl,--end-group
Finished building target: ECED4402_2022.elf
 
arm-none-eabi-size   ECED4402_2022.elf 
arm-none-eabi-objdump -h -S  ECED4402_2022.elf  > "ECED4402_2022.list"
   text	   data	    bss	    dec	    hex	filename
  32876	    120	  21128	  54124	   d36c	ECED4402_2022.elf
Finished building: default.size.stdout
 
Finished building: ECED4402_2022.list
 
16:43:54 **** Incremental Build of configuration Debug for project ECED4402_2022 ****
make -j8 all 
arm-none-eabi-gcc "../Core/Src/User/L1/USART_Driver.c" -mcpu=cortex-m4 -std=gnu11 -g3 -DDEBUG -DUSE_HAL_DRIVER -DSTM32F411xE -c -I../Core/Inc -I../Drivers/STM32F4xx_HAL_Driver/Inc -I../Drivers/STM32F4xx_HAL_Driver/Inc/Legacy -I../Drivers/CMSIS/Device/ST/STM32F4xx/Include -I../Drivers/CMSIS/Include -I../Middlewares/Third_Party/FreeRTOS/Source/include -I../Middlewares/Third_Party/FreeRTOS/Source/CMSIS_RTOS_V2 -I../Middlewares/Third_Party/FreeRTOS/Source/portable/GCC/ARM_CM4F -O0 -ffunction-sections -fdata-sections -Wall -fstack-usage -fcyclomatic-complexity -MMD -MP -MF"Core/Src/User/L1/USART_Driver.d" -MT"Core/Src/User/L1/USART_Driver.o" --specs=nano.specs -mfpu=fpv4-sp-d16 -mfloat-abi=hard -mthumb -o "Core/Src/User/L1/USART_Driver.o"
../Core/Src/User/L1/USART_Driver.c: In function 'request_sensor_read':
../Core/Src/User/L1/USART_Driver.c:40:9: warning: implicit declaration of function 'print_str' [-Wimplicit-function-declaration]
   40 |         print_str(rx_buffer_extern);
      |         ^~~~~~~~~
arm-none-eabi-gcc -o "ECED4402_2022.elf" @"objects.list"   -mcpu=cortex-m4 -T"C:\Users\Mido Abdin\Desktop\Dalhousie\Fall 2023\Real Time Systems\Depth controller lab 4\ECED4402_2022-L4_SensorController\ECED4402_2022-L4_SensorController\STM32F411RETX_FLASH.ld" --specs=nosys.specs -Wl,-Map="ECED4402_2022.map" -Wl,--gc-sections -static --specs=nano.specs -mfpu=fpv4-sp-d16 -mfloat-abi=hard -mthumb -Wl,--start-group -lc -lm -Wl,--end-group
Finished building target: ECED4402_2022.elf
 
arm-none-eabi-size   ECED4402_2022.elf 
arm-none-eabi-objdump -h -S  ECED4402_2022.elf  > "ECED4402_2022.list"
   text	   data	    bss	    dec	    hex	filename
  32876	    120	  21128	  54124	   d36c	ECED4402_2022.elf
Finished building: default.size.stdout
 
Finished building: ECED4402_2022.list
 
16:45:42 **** Incremental Build of configuration Debug for project ECED4402_2022 ****
make -j8 all 
[...]
Finished building target: ECED4402_2022.elf
 
arm-none-eabi-size   ECED4402_2022.elf 
arm-none-eabi-objdump -h -S  ECED4402_2022.elf  > "ECED4402_2022.list"
   text	   data	    bss	    dec	    hex	filename
  32828	    120	  21128	  54076	   d33c	ECED4402_2022.elf
Finished building: default.size.stdout
 
Finished building: ECED4402_2022.list
 
17:15:20 **** Incremental Build of configuration Debug for project ECED4402_2022 ****
make -j8 all 
arm-none-eabi-gcc "../Core/Src/User/main_user.c" -mcpu=cortex-m4 -std=gnu11 -g3 -DDEBUG -DUSE_HAL_DRIVER -DSTM32F411xE -c -I../Core/Inc -I../Drivers/STM32F4xx_HAL_Driver/Inc -I../Drivers/STM32F4xx_HAL_Driver/Inc/Legacy -I../Drivers/CMSIS/Device/ST/STM32F4xx/Include -I../Drivers/CMSIS/Include -I../Middlewares/Third_Party/FreeRTOS/Source/include -I../Middlewares/Third_Party/FreeRTOS/Source/CMSIS_RTOS_V2 -I../Middlewares/Third_Party/FreeRTOS/Source/portable/GCC/ARM_CM4F -O0 -ffunction-sections -fdata-sections -Wall -fstack-usage -fcyclomatic-complexity -MMD -MP -MF"Core/Src/User/main_user.d" -MT"Core/Src/User/main_user.o" --specs=nano.specs -mfpu=fpv4-sp-d16 -mfloat-abi=hard -mthumb -o "Core/Src/User/main_user.o"
arm-none-eabi-gcc -o "ECED4402_2022.elf" @"objects.list"   -mcpu=cortex-m4 -T"C:\Users\Mido Abdin\Desktop\Dalhousie\Fall 2023\Real Time Systems\Depth controller lab 4\ECED4402_2022-L4_SensorController\ECED4402_2022-L4_SensorController\STM32F411RETX_FLASH.ld" --specs=nosys.specs -Wl,-Map="ECED4402_2022.map" -Wl,--gc-sections -static --specs=nano.specs -mfpu=fpv4-sp-d16 -mfloat-abi=hard -mthumb -Wl,--start-group -lc -lm -Wl,--end-group
Finished building target: ECED4402_2022.elf
 
arm-none-eabi-size   ECED4402_2022.elf 
arm-none-eabi-objdump -h -S  ECED4402_2022.elf  > "ECED4402_2022.list"
   text	   data	    bss	    dec	    hex	filename
  29968	    112	  21208	  51288	   c858	ECED4402_2022.elf
Finished building: default.size.stdout
 
Finished building: ECED4402_2022.list
 
17:15:56 **** Incremental Build of configuration Debug for project ECED4402_2022 ****
make -j8 all 
arm-none-eabi-size   ECED4402_2022.elf 
   text	   data	    bss	    dec	    hex	filename
  29968	    112	  21208	  51288	   c858	ECED4402_2022.elf
Finished building: default.size.stdout
 
17:57:57 **** Incremental Build of configuration Debug for project ECED4402_2022 ****
make -j8 all 
arm-none-eabi-gcc "../Core/Src/User/L4/SensorController.c" -mcpu=cortex-m4 -std=gnu11 -g3 -DDEBUG -DUSE_HAL_DRIVER -DSTM32F411xE -c -I../Core/Inc -I../Drivers/STM32F4xx_HAL_Driver/Inc -I../Drivers/STM32F4xx_HAL_Driver/Inc/Legacy -I../Drivers/CMSIS/Device/ST/STM32F4xx/Include -I../Drivers/CMSIS/Include -I../Middlewares/Third_Party/FreeRTOS/Source/include -I../Middlewares/Third_Party/FreeRTOS/Source/CMSIS_RTOS_V2 -I../Middlewares/Third_Party/FreeRTOS/Source/portable/GCC/ARM_CM4F -O0 -ffunction-sections -fdata-sections -Wall -fstack-usage -fcyclomatic-complexity -MMD -MP -MF"Core/Src/User/L4/SensorController.d" -MT"Core/Src/User/L4/SensorController.o" --specs=nano.specs -mfpu=fpv4-sp-d16 -mfloat-abi=hard -mthumb -o "Core/Src/User/L4/SensorController.o"
arm-none-eabi-gcc -o "ECED4402_2022.elf" @"objects.list"   -mcpu=cortex-m4 -T"C:\Users\Mido Abdin\Desktop\Dalhousie\Fall 2023\Real Time Systems\Depth controller lab 4\ECED4402_2022-L4_SensorController\ECED4402_2022-L4_SensorController\STM32F411RETX_FLASH.ld" --specs=nosys.specs -Wl,-Map="ECED4402_2022.map" -Wl,--gc-sections -static --specs=nano.specs -mfpu=fpv4-sp-d16 -mfloat-abi=hard -mthumb -Wl,--start-group -lc -lm -Wl,--end-group
Finished building target: ECED4402_2022.elf
 
arm-none-eabi-size   ECED4402_2022.elf 
arm-none-eabi-objdump -h -S  ECED4402_2022.elf  > "ECED4402_2022.list"
   text	   data	    bss	    dec	    hex	filename
  29984	    112	  21208	  51304	   c868	ECED4402_2022.elf
Finished building: default.size.stdout
 
Finished building: ECED4402_2022.list
 
18:12:59 **** Incremental Build of configuration Debug for project ECED4402_2022 ****
make -j8 all 
arm-none-eabi-size   ECED4402_2022.elf 
   text	   data	    bss	    dec	    hex	filename
  29984	    112	  21208	  51304	   c868	ECED4402_2022.elf
Finished building: default.size.stdout
 
21:26:28 **** Incremental Build of configuration Debug for project ECED4402_2022 ****
make -j8 all 
arm-none-eabi-size   ECED4402_2022.elf 
   text	   data	    bss	    dec	    hex	filename
  29984	    112	  21208	  51304	   c868	ECED4402_2022.elf
Finished building: default.size.stdout
 
21:28:03 **** Incremental Build of configuration Debug for project ECED4402_2022 ****
make -j8 all 
arm-none-eabi-size   ECED4402_2022.elf 
   text	   data	    bss	    dec	    hex	filename
  29984	    112	  21208	  51304	   c868	ECED4402_2022.elf
Finished building: default.size.stdout
 
21:35:04 **** Incremental Build of configuration Debug for project ECED4402_2022 ****
make -j8 all 
arm-none-eabi-gcc "../Core/Src/User/L4/SensorController.c" -mcpu=cortex-m4 -std=gnu11 -g3 -DDEBUG -DUSE_HAL_DRIVER -DSTM32F411xE -c -I../Core/Inc -I../Drivers/STM32F4xx_HAL_Driver/Inc -I../Drivers/STM32F4xx_HAL_Driver/Inc/Legacy -I../Drivers/CMSIS/Device/ST/STM32F4xx/Include -I../Drivers/CMSIS/Include -I../Middlewares/Third_Party/FreeRTOS/Source/include -I../Middlewares/Third_Party/FreeRTOS/Source/CMSIS_RTOS_V2 -I../Middlewares/Third_Party/FreeRTOS/Source/portable/GCC/ARM_CM4F -O0 -ffunction-sections -fdata-sections -Wall -fstack-usage -fcyclomatic-complexity -MMD -MP -MF"Core/Src/User/L4/SensorController.d" -MT"Core/Src/User/L4/SensorController.o" --specs=nano.specs -mfpu=fpv4-sp-d16 -mfloat-abi=hard -mthumb -o "Core/Src/User/L4/SensorController.o"
arm-none-eabi-gcc -o "ECED4402_2022.elf" @"objects.list"   -mcpu=cortex-m4 -T"C:\Users\Mido Abdin\Desktop\Dalhousie\Fall 2023\Real Time Systems\Depth controller lab 4\ECED4402_2022-L4_SensorController\ECED4402_2022-L4_SensorController\STM32F411RETX_FLASH.ld" --specs=nosys.specs -Wl,-Map="ECED4402_2022.map" -Wl,--gc-sections -static --specs=nano.specs -mfpu=fpv4-sp-d16 -mfloat-abi=hard -mthumb -Wl,--start-group -lc -lm -Wl,--end-group
Finished building target: ECED4402_2022.elf
 
arm-none-eabi-size   ECED4402_2022.elf 
arm-none-eabi-objdump -h -S  ECED4402_2022.elf  > "ECED4402_2022.list"
   text	   data	    bss	    dec	    hex	filename
  29984	    112	  21208	  51304	   c868	ECED4402_2022.elf
Finished building: default.size.stdout
 
Finished building: ECED4402_2022.list
 
21:37:51 **** Incremental Build of configuration Debug for project ECED4402_2022 ****
make -j8 all 
arm-none-eabi-size   ECED4402_2022.elf 
   text	   data	    bss	    dec	    hex	filename
  29984	    112	  21208	  51304	   c868	ECED4402_2022.elf
Finished building: default.size.stdout
 
21:38:16 **** Incremental Build of configuration Debug for project ECED4402_2022 ****
make -j8 all 
arm-none-eabi-gcc "../Core/Src/User/main_user.c" -mcpu=cortex-m4 -std=gnu11 -g3 -DDEBUG -DUSE_HAL_DRIVER -DSTM32F411xE -c -I../Core/Inc -I../Drivers/STM32F4xx_HAL_Driver/Inc -I../Drivers/STM32F4xx_HAL_Driver/Inc/Legacy -I../Drivers/CMSIS/Device/ST/STM32F4xx/Include -I../Drivers/CMSIS/Include -I../Middlewares/Third_Party/FreeRTOS/Source/include -I../Middlewares/Third_Party/FreeRTOS/Source/CMSIS_RTOS_V2 -I../Middlewares/Third_Party/FreeRTOS/Source/portable/GCC/ARM_CM4F -O0 -ffunction-sections -fdata-sections -Wall -fstack-usage -fcyclomatic-complexity -MMD -MP -MF"Core/Src/User/main_user.d" -MT"Core/Src/User/main_user.o" --specs=nano.specs -mfpu=fpv4-sp-d16 -mfloat-abi=hard -mthumb -o "Core/Src/User/main_user.o"
arm-none-eabi-gcc -o "ECED4402_2022.elf" @"objects.list"   -mcpu=cortex-m4 -T"C:\Users\Mido Abdin\Desktop\Dalhousie\Fall 2023\Real Time Systems\Depth controller lab 4\ECED4402_2022-L4_SensorController\ECED4402_2022-L4_SensorController\STM32F411RETX_FLASH.ld" --specs=nosys.specs -Wl,-Map="ECED4402_2022.map" -Wl,--gc-sections -static --specs=nano.specs -mfpu=fpv4-sp-d16 -mfloat-abi=hard -mthumb -Wl,--start-group -lc -lm -Wl,--end-group
Finished building target: ECED4402_2022.elf
 
arm-none-eabi-size   ECED4402_2022.elf 
arm-none-eabi-objdump -h -S  ECED4402_2022.elf  > "ECED4402_2022.list"
   text	   data	    bss	    dec	    hex	filename
  32828	    120	  21128	  54076	   d33c	ECED4402_2022.elf
Finished building: default.size.stdout
 
Finished building: ECED4402_2022.list
 
21:41:44 **** Incremental Build of configuration Debug for project ECED4402_2022 ****
make -j8 all 
arm-none-eabi-gcc "../Core/Src/User/L4/SensorPlatform.c" -mcpu=cortex-m4 -std=gnu11 -g3 -DDEBUG -DUSE_HAL_DRIVER -DSTM32F411xE -c -I../Core/Inc -I../Drivers/STM32F4xx_HAL_Driver/Inc -I../Drivers/STM32F4xx_HAL_Driver/Inc/Legacy -I../Drivers/CMSIS/Device/ST/STM32F4xx/Include -I../Drivers/CMSIS/Include -I../Middlewares/Third_Party/FreeRTOS/Source/include -I../Middlewares/Third_Party/FreeRTOS/Source/CMSIS_RTOS_V2 -I../Middlewares/Third_Party/FreeRTOS/Source/portable/GCC/ARM_CM4F -O0 -ffunction-sections -fdata-sections -Wall -fstack-usage -fcyclomatic-complexity -MMD -MP -MF"Core/Src/User/L4/SensorPlatform.d" -MT"Core/Src/User/L4/SensorPlatform.o" --specs=nano.specs -mfpu=fpv4-sp-d16 -mfloat-abi=hard -mthumb -o "Core/Src/User/L4/SensorPlatform.o"
arm-none-eabi-gcc -o "ECED4402_2022.elf" @"objects.list"   -mcpu=cortex-m4 -T"C:\Users\Mido Abdin\Desktop\Dalhousie\Fall 2023\Real Time Systems\Depth controller lab 4\ECED4402_2022-L4_SensorController\ECED4402_2022-L4_SensorController\STM32F411RETX_FLASH.ld" --specs=nosys.specs -Wl,-Map="ECED4402_2022.map" -Wl,--gc-sections -static --specs=nano.specs -mfpu=fpv4-sp-d16 -mfloat-abi=hard -mthumb -Wl,--start-group -lc -lm -Wl,--end-group
Finished building target: ECED4402_2022.elf
 
arm-none-eabi-size   ECED4402_2022.elf 
arm-none-eabi-objdump -h -S  ECED4402_2022.elf  > "ECED4402_2022.list"
   text	   data	    bss	    dec	    hex	filename
  32940	    120	  21128	  54188	   d3ac	ECED4402_2022.elf
Finished building: default.size.stdout
 
Finished building: ECED4402_2022.list
 
21:42:05 **** Incremental Build of configuration Debug for project ECED4402_2022 ****
make -j8 all 
arm-none-eabi-size   ECED4402_2022.elf 
   text	   data	    bss	    dec	    hex	filename
  32940	    120	  21128	  54188	   d3ac	ECED4402_2022.elf
Finished building: default.size.stdout
 
21:43:25 **** Incremental Build of configuration Debug for project ECED4402_2022 ****
make -j8 all 
arm-none-eabi-gcc "../Core/Src/User/L2/Comm_Datalink.c" -mcpu=cortex-m4 -std=gnu11 -g3 -DDEBUG -DUSE_HAL_DRIVER -DSTM32F411xE -c -I../Core/Inc -I../Drivers/STM32F4xx_HAL_Driver/Inc -I../Drivers/STM32F4xx_HAL_Driver/Inc/Legacy -I../Drivers/CMSIS/Device/ST/STM32F4xx/Include -I../Drivers/CMSIS/Include -I../Middlewares/Third_Party/FreeRTOS/Source/include -I../Middlewares/Third_Party/FreeRTOS/Source/CMSIS_RTOS_V2 -I../Middlewares/Third_Party/FreeRTOS/Source/portable/GCC/ARM_CM4F -O0 -ffunction-sections -fdata-sections -Wall -fstack-usage -fcyclomatic-complexity -MMD -MP -MF"Core/Src/User/L2/Comm_Datalink.d" -MT"Core/Src/User/L2/Comm_Datalink.o" --specs=nano.specs -mfpu=fpv4-sp-d16 -mfloat-abi=hard -mthumb -o "Core/Src/User/L2/Comm_Datalink.o"
arm-none-eabi-gcc -o "ECED4402_2022.elf" @"objects.list"   -mcpu=cortex-m4 -T"C:\Users\Mido Abdin\Desktop\Dalhousie\Fall 2023\Real Time Systems\Depth controller lab 4\ECED4402_2022-L4_SensorController\ECED4402_2022-L4_SensorController\STM32F411RETX_FLASH.ld" --specs=nosys.specs -Wl,-Map="ECED4402_2022.map" -Wl,--gc-sections -static --specs=nano.specs -mfpu=fpv4-sp-d16 -mfloat-abi=hard -mthumb -Wl,--start-group -lc -lm -Wl,--end-group
Finished building target: ECED4402_2022.elf
 
arm-none-eabi-size   ECED4402_2022.elf 
arm-none-eabi-objdump -h -S  ECED4402_2022.elf  > "ECED4402_2022.list"
   text	   data	    bss	    dec	    hex	filename
  33024	    120	  21128	  54272	   d400	ECED4402_2022.elf
Finished building: default.size.stdout
 
Finished building: ECED4402_2022.list
 
21:45:28 **** Incremental Build of configuration Debug for project ECED4402_2022 ****
make -j8 all 
arm-none-eabi-size   ECED4402_2022.elf 
   text	   data	    bss	    dec	    hex	filename
  33024	    120	  21128	  54272	   d400	ECED4402_2022.elf
Finished building: default.size.stdout
 
14:50:57 **** Incremental Build of configuration Debug for project ECED4402_2022 ****
make -j8 all 
arm-none-eabi-gcc "../Core/Src/User/L4/SensorController.c" -mcpu=cortex-m4 -std=gnu11 -g3 -DDEBUG -DUSE_HAL_DRIVER -DSTM32F411xE -c -I../Core/Inc -I../Drivers/STM32F4xx_HAL_Driver/Inc -I../Drivers/STM32F4xx_HAL_Driver/Inc/Legacy -I../Drivers/CMSIS/Device/ST/STM32F4xx/Include -I../Drivers/CMSIS/Include -I../Middlewares/Third_Party/FreeRTOS/Source/include -I../Middlewares/Third_Party/FreeRTOS/Source/CMSIS_RTOS_V2 -I../Middlewares/Third_Party/FreeRTOS/Source/portable/GCC/ARM_CM4F -O0 -ffunction-sections -fdata-sections -Wall -fstack-usage -fcyclomatic-complexity -MMD -MP -MF"Core/Src/User/L4/SensorController.d" -MT"Core/Src/User/L4/SensorController.o" --specs=nano.specs -mfpu=fpv4-sp-d16 -mfloat-abi=hard -mthumb -o "Core/Src/User/L4/SensorController.o"
arm-none-eabi-gcc "../Core/Src/User/L3/DepthSensor.c" -mcpu=cortex-m4 -std=gnu11 -g3 -DDEBUG -DUSE_HAL_DRIVER -DSTM32F411xE -c -I../Core/Inc -I../Drivers/STM32F4xx_HAL_Driver/Inc -I../Drivers/STM32F4xx_HAL_Driver/Inc/Legacy -I../Drivers/CMSIS/Device/ST/STM32F4xx/Include -I../Drivers/CMSIS/Include -I../Middlewares/Third_Party/FreeRTOS/Source/include -I../Middlewares/Third_Party/FreeRTOS/Source/CMSIS_RTOS_V2 -I../Middlewares/Third_Party/FreeRTOS/Source/portable/GCC/ARM_CM4F -O0 -ffunction-sections -fdata-sections -Wall -fstack-usage -fcyclomatic-complexity -MMD -MP -MF"Core/Src/User/L3/DepthSensor.d" -MT"Core/Src/User/L3/DepthSensor.o" --specs=nano.specs -mfpu=fpv4-sp-d16 -mfloat-abi=hard -mthumb -o "Core/Src/User/L3/DepthSensor.o"
arm-none-eabi-gcc "../Core/Src/User/L2/Comm_Datalink.c" -mcpu=cortex-m4 -std=gnu11 -g3 -DDEBUG -DUSE_HAL_DRIVER -DSTM32F411xE -c -I../Core/Inc -I../Drivers/STM32F4xx_HAL_Driver/Inc -I../Drivers/STM32F4xx_HAL_Driver/Inc/Legacy -I../Drivers/CMSIS/Device/ST/STM32F4xx/Include -I../Drivers/CMSIS/Include -I../Middlewares/Third_Party/FreeRTOS/Source/include -I../Middlewares/Third_Party/FreeRTOS/Source/CMSIS_RTOS_V2 -I../Middlewares/Third_Party/FreeRTOS/Source/portable/GCC/ARM_CM4F -O0 -ffunction-sections -fdata-sections -Wall -fstack-usage -fcyclomatic-complexity -MMD -MP -MF"Core/Src/User/L2/Comm_Datalink.d" -MT"Core/Src/User/L2/Comm_Datalink.o" --specs=nano.specs -mfpu=fpv4-sp-d16 -mfloat-abi=hard -mthumb -o "Core/Src/User/L2/Comm_Datalink.o"
arm-none-eabi-gcc -o "ECED4402_2022.elf" @"objects.list"   -mcpu=cortex-m4 -T"C:\Users\Mido Abdin\Desktop\Dalhousie\Fall 2023\Real Time Systems\Depth controller lab 4\ECED4402_2022-L4_SensorController\ECED4402_2022-L4_SensorController\STM32F411RETX_FLASH.ld" --specs=nosys.specs -Wl,-Map="ECED4402_2022.map" -Wl,--gc-sections -static --specs=nano.specs -mfpu=fpv4-sp-d16 -mfloat-abi=hard -mthumb -Wl,--start-group -lc -lm -Wl,--end-group
Finished building target: ECED4402_2022.elf
 
arm-none-eabi-size   ECED4402_2022.elf 
arm-none-eabi-objdump -h -S  ECED4402_2022.elf  > "ECED4402_2022.list"
   text	   data	    bss	    dec	    hex	filename
  32972	    120	  21128	  54220	   d3cc	ECED4402_2022.elf
Finished building: default.size.stdout
 
Finished building: ECED4402_2022.list
 
14:51:20 **** Incremental Build of configuration Debug for project ECED4402_2022 ****
make -j8 all 
arm-none-eabi-size   ECED4402_2022.elf 
   text	   data	    bss	    dec	    hex	filename
  32972	    120	  21128	  54220	   d3cc	ECED4402_2022.elf
Finished building: default.size.stdout
 
14:52:22 **** Incremental Build of configuration Debug for project ECED4402_2022 ****
make -j8 all 
arm-none-eabi-gcc "../Core/Src/User/main_user.c" -mcpu=cortex-m4 -std=gnu11 -g3 -DDEBUG -DUSE_HAL_DRIVER -DSTM32F411xE -c -I../Core/Inc -I../Drivers/STM32F4xx_HAL_Driver/Inc -I../Drivers/STM32F4xx_HAL_Driver/Inc/Legacy -I../Drivers/CMSIS/Device/ST/STM32F4xx/Include -I../Drivers/CMSIS/Include -I../Middlewares/Third_Party/FreeRTOS/Source/include -I../Middlewares/Third_Party/FreeRTOS/Source/CMSIS_RTOS_V2 -I../Middlewares/Third_Party/FreeRTOS/Source/portable/GCC/ARM_CM4F -O0 -ffunction-sections -fdata-sections -Wall -fstack-usage -fcyclomatic-complexity -MMD -MP -MF"Core/Src/User/main_user.d" -MT"Core/Src/User/main_user.o" --specs=nano.specs -mfpu=fpv4-sp-d16 -mfloat-abi=hard -mthumb -o "Core/Src/User/main_user.o"
arm-none-eabi-gcc -o "ECED4402_2022.elf" @"objects.list"   -mcpu=cortex-m4 -T"C:\Users\Mido Abdin\Desktop\Dalhousie\Fall 2023\Real Time Systems\Depth controller lab 4\ECED4402_2022-L4_SensorController\ECED4402_2022-L4_SensorController\STM32F411RETX_FLASH.ld" --specs=nosys.specs -Wl,-Map="ECED4402_2022.map" -Wl,--gc-sections -static --specs=nano.specs -mfpu=fpv4-sp-d16 -mfloat-abi=hard -mthumb -Wl,--start-group -lc -lm -Wl,--end-group
Finished building target: ECED4402_2022.elf
 
arm-none-eabi-size   ECED4402_2022.elf 
arm-none-eabi-objdump -h -S  ECED4402_2022.elf  > "ECED4402_2022.list"
   text	   data	    bss	    dec	    hex	filename
  30080	    112	  21208	  51400	   c8c8	ECED4402_2022.elf
Finished building: default.size.stdout
 
Finished building: ECED4402_2022.list
 
14:52:37 **** Incremental Build of configuration Debug for project ECED4402_2022 ****
make -j8 all 
arm-none-eabi-size   ECED4402_2022.elf 
   text	   data	    bss	    dec	    hex	filename
  30080	    112	  21208	  51400	   c8c8	ECED4402_2022.elf
Finished building: default.size.stdout
 
14:53:04 **** Incremental Build of configuration Debug for project ECED4402_2022 ****
make -j8 all 
arm-none-eabi-size   ECED4402_2022.elf 
   text	   data	    bss	    dec	    hex	filename
  30080	    112	  21208	  51400	   c8c8	ECED4402_2022.elf
Finished building: default.size.stdout
 
14:54:08 **** Incremental Build of configuration Debug for project ECED4402_2022 ****
make -j8 all 
arm-none-eabi-gcc "../Core/Src/User/main_user.c" -mcpu=cortex-m4 -std=gnu11 -g3 -DDEBUG -DUSE_HAL_DRIVER -DSTM32F411xE -c -I../Core/Inc -I../Drivers/STM32F4xx_HAL_Driver/Inc -I../Drivers/STM32F4xx_HAL_Driver/Inc/Legacy -I../Drivers/CMSIS/Device/ST/STM32F4xx/Include -I../Drivers/CMSIS/Include -I../Middlewares/Third_Party/FreeRTOS/Source/include -I../Middlewares/Third_Party/FreeRTOS/Source/CMSIS_RTOS_V2 -I../Middlewares/Third_Party/FreeRTOS/Source/portable/GCC/ARM_CM4F -O0 -ffunction-sections -fdata-sections -Wall -fstack-usage -fcyclomatic-complexity -MMD -MP -MF"Core/Src/User/main_user.d" -MT"Core/Src/User/main_user.o" --specs=nano.specs -mfpu=fpv4-sp-d16 -mfloat-abi=hard -mthumb -o "Core/Src/User/main_user.o"
arm-none-eabi-gcc -o "ECED4402_2022.elf" @"objects.list"   -mcpu=cortex-m4 -T"C:\Users\Mido Abdin\Desktop\Dalhousie\Fall 2023\Real Time Systems\Depth controller lab 4\ECED4402_2022-L4_SensorController\ECED4402_2022-L4_SensorController\STM32F411RETX_FLASH.ld" --specs=nosys.specs -Wl,-Map="ECED4402_2022.map" -Wl,--gc-sections -static --specs=nano.specs -mfpu=fpv4-sp-d16 -mfloat-abi=hard -mthumb -Wl,--start-group -lc -lm -Wl,--end-group
Finished building target: ECED4402_2022.elf
 
arm-none-eabi-size   ECED4402_2022.elf 
arm-none-eabi-objdump -h -S  ECED4402_2022.elf  > "ECED4402_2022.list"
   text	   data	    bss	    dec	    hex	filename
  32972	    120	  21128	  54220	   d3cc	ECED4402_2022.elf
Finished building: default.size.stdout
 
Finished building: ECED4402_2022.list
 
14:54:29 **** Incremental Build of configuration Debug for project ECED4402_2022 ****
make -j8 all 
arm-none-eabi-size   ECED4402_2022.elf 
   text	   data	    bss	    dec	    hex	filename
  32972	    120	  21128	  54220	   d3cc	ECED4402_2022.elf
Finished building: default.size.stdout
 
